=== Uniform Weight Distribution Mode ===

--- Execution Info ---
Total Participants: 16
Total Threshold(Weight): 20
Maximum Weight: 4

Signing Participants:
Participant 0 (Weight: 1)
Participant 1 (Weight: 2)
Participant 2 (Weight: 3)
Participant 3 (Weight: 4)
Participant 4 (Weight: 1)
Participant 5 (Weight: 2)
Participant 6 (Weight: 3)
Participant 7 (Weight: 4)
Signing Participants Total Weight: 20

# REG-ADAPT benchmark
# args_N=40 args_threshold=20 setup_ns=160434417 repeats=30 target=0 cert=none local=true stale_ttl=2 sequence=false audit_exact=false audit_point_offset=0
# ADAPT-style sequence demo under REG metadata guard
# demo_step=1 op=TIncrease delta=50 accepted=true old_t=100 new_t=150 final_exposure=99 transient_exposure=99 reason="accepted"
# demo_step=2 op=WIncrease delta=50 accepted=true old_t=150 new_t=150 final_exposure=149 transient_exposure=149 reason="accepted"
# demo_step=3 op=TDecrease delta=50 accepted=false old_t=150 new_t=100 final_exposure=199 transient_exposure=249 reason="final exposure reaches threshold"
# exact-rank tightness demo threshold=2 conservative_final=2 exact_final=1 conservative_rejects=true exact_accepts=true
op,target,delta,accepted,reason,old_epoch,new_epoch,old_t,new_t,old_exposure,final_exposure,transient_exposure,live_rows,stale_rows,public_rows,cert_weight,cert_verified,exact_final_rank,exact_transient_rank,metadata_guard_ns,cert_online_ns,cert_full_ns,local_compute_ns,local_verify_ns,local_update_ns,local_total_ns,total_ns,exact_rank_audit_ns
WIncrease,0,1,true,"accepted",0,1,20,20,1,2,2,2,0,0,20,false,0,0,20750,0,0,7890250,29393958,0,49040542,49061917,0
TIncrease,0,1,true,"accepted",0,1,20,21,1,1,1,1,0,0,20,false,0,0,17667,0,0,5283875,7308000,23416,24634667,24652958,0
WDecrease,0,1,true,"accepted",0,1,20,20,1,1,2,0,1,0,20,false,0,0,19667,0,0,5743250,8270375,23084,25809041,25829333,0
TDecrease,0,1,true,"accepted",0,1,20,19,1,2,3,1,0,1,20,false,0,0,16750,0,0,5173959,4939500,257416,21976833,21994167,0
WIncrease,0,1,true,"accepted",0,1,20,20,1,2,2,2,0,0,20,false,0,0,17875,0,0,7324959,28602000,0,48068833,48087000,0
TIncrease,0,1,true,"accepted",0,1,20,21,1,1,1,1,0,0,20,false,0,0,14708,0,0,5248084,9106292,43625,24457292,24472667,0
WDecrease,0,1,true,"accepted",0,1,20,20,1,1,2,0,1,0,20,false,0,0,15125,0,0,6445500,10364042,23750,26797750,26813625,0
TDecrease,0,1,true,"accepted",0,1,20,19,1,2,3,1,0,1,20,false,0,0,18000,0,0,5743500,4969542,324167,22728625,22748333,0
WIncrease,0,1,true,"accepted",0,1,20,20,1,2,2,2,0,0,20,false,0,0,16959,0,0,6934250,25158375,0,42212000,42229584,0
TIncrease,0,1,true,"accepted",0,1,20,21,1,1,1,1,0,0,20,false,0,0,14917,0,0,5182959,6718416,14959,21895916,21911334,0
WDecrease,0,1,true,"accepted",0,1,20,20,1,1,2,0,1,0,20,false,0,0,15334,0,0,5843500,7170833,17292,23314583,23330458,0
TDecrease,0,1,true,"accepted",0,1,20,19,1,2,3,1,0,1,20,false,0,0,15500,0,0,5126542,4247083,296000,19874375,19890625,0
WIncrease,0,1,true,"accepted",0,1,20,20,1,2,2,2,0,0,20,false,0,0,15083,0,0,6842083,26359375,0,43471250,43486875,0
TIncrease,0,1,true,"accepted",0,1,20,21,1,1,1,1,0,0,20,false,0,0,15167,0,0,5443125,6995083,25125,22781417,22799583,0
WDecrease,0,1,true,"accepted",0,1,20,20,1,1,2,0,1,0,20,false,0,0,16042,0,0,5854834,7815583,26167,24020000,24036500,0
TDecrease,0,1,true,"accepted",0,1,20,19,1,2,3,1,0,1,20,false,0,0,15041,0,0,5585666,4217500,275917,20292167,20307792,0
WIncrease,0,1,true,"accepted",0,1,20,20,1,2,2,2,0,0,20,false,0,0,15292,0,0,7152208,26227042,0,44070792,44086541,0
TIncrease,0,1,true,"accepted",0,1,20,21,1,1,1,1,0,0,20,false,0,0,17334,0,0,5964750,7771000,43000,23881208,23899209,0
WDecrease,0,1,true,"accepted",0,1,20,20,1,1,2,0,1,0,20,false,0,0,19625,0,0,5788291,8997167,37792,25404541,25424791,0
TDecrease,0,1,true,"accepted",0,1,20,19,1,2,3,1,0,1,20,false,0,0,15959,0,0,6459542,4963292,271875,23682291,23698958,0
WIncrease,0,1,true,"accepted",0,1,20,20,1,2,2,2,0,0,20,false,0,0,34333,0,0,7400542,28908667,0,48545250,48580417,0
TIncrease,0,1,true,"accepted",0,1,20,21,1,1,1,1,0,0,20,false,0,0,15917,0,0,5613166,7956542,19041,23909500,23926292,0
WDecrease,0,1,true,"accepted",0,1,20,20,1,1,2,0,1,0,20,false,0,0,18750,0,0,5989250,8797375,42500,26696209,26715875,0
TDecrease,0,1,true,"accepted",0,1,20,19,1,2,3,1,0,1,20,false,0,0,17917,0,0,7396958,5877834,246166,25774625,25793500,0
WIncrease,0,1,true,"accepted",0,1,20,20,1,2,2,2,0,0,20,false,0,0,18208,0,0,9426667,33146041,0,54921333,54941166,0
TIncrease,0,1,true,"accepted",0,1,20,21,1,1,1,1,0,0,20,false,0,0,18792,0,0,6212750,9248375,48959,27678583,27698250,0
WDecrease,0,1,true,"accepted",0,1,20,20,1,1,2,0,1,0,20,false,0,0,18583,0,0,7668958,12496834,47584,31956042,31975834,0
TDecrease,0,1,true,"accepted",0,1,20,19,1,2,3,1,0,1,20,false,0,0,24542,0,0,5485833,4962625,244625,22789958,22815542,0
WIncrease,0,1,true,"accepted",0,1,20,20,1,2,2,2,0,0,20,false,0,0,17667,0,0,7435041,30958333,0,50904250,50923083,0
TIncrease,0,1,true,"accepted",0,1,20,21,1,1,1,1,0,0,20,false,0,0,18000,0,0,6236708,7200833,59750,25559416,25578625,0
WDecrease,0,1,true,"accepted",0,1,20,20,1,1,2,0,1,0,20,false,0,0,22084,0,0,6180917,8783375,37209,26837375,26860458,0
TDecrease,0,1,true,"accepted",0,1,20,19,1,2,3,1,0,1,20,false,0,0,18250,0,0,5137292,4974709,289458,22881292,22900750,0
WIncrease,0,1,true,"accepted",0,1,20,20,1,2,2,2,0,0,20,false,0,0,21083,0,0,8103167,27832083,0,48073042,48094584,0
TIncrease,0,1,true,"accepted",0,1,20,21,1,1,1,1,0,0,20,false,0,0,15500,0,0,5244375,8954708,16292,24654875,24671125,0
WDecrease,0,1,true,"accepted",0,1,20,20,1,1,2,0,1,0,20,false,0,0,16500,0,0,5682292,7353625,19375,23212334,23229625,0
TDecrease,0,1,true,"accepted",0,1,20,19,1,2,3,1,0,1,20,false,0,0,16000,0,0,5215459,5109375,238375,22253084,22270042,0
WIncrease,0,1,true,"accepted",0,1,20,20,1,2,2,2,0,0,20,false,0,0,17542,0,0,8032625,25592667,0,45287459,45305291,0
TIncrease,0,1,true,"accepted",0,1,20,21,1,1,1,1,0,0,20,false,0,0,15500,0,0,5087875,7064125,30291,22252250,22268667,0
WDecrease,0,1,true,"accepted",0,1,20,20,1,1,2,0,1,0,20,false,0,0,15625,0,0,5223875,8314416,25000,23499000,23515459,0
TDecrease,0,1,true,"accepted",0,1,20,19,1,2,3,1,0,1,20,false,0,0,14833,0,0,4911167,4217458,638166,19779917,19795334,0
WIncrease,0,1,true,"accepted",0,1,20,20,1,2,2,2,0,0,20,false,0,0,15542,0,0,7427500,25480917,0,43063084,43079041,0
TIncrease,0,1,true,"accepted",0,1,20,21,1,1,1,1,0,0,20,false,0,0,16542,0,0,5773959,6954458,16333,22704167,22721416,0
WDecrease,0,1,true,"accepted",0,1,20,20,1,1,2,0,1,0,20,false,0,0,15291,0,0,5680417,8194875,23959,24062416,24078333,0
TDecrease,0,1,true,"accepted",0,1,20,19,1,2,3,1,0,1,20,false,0,0,14708,0,0,5010458,4402167,235917,19549417,19564917,0
WIncrease,0,1,true,"accepted",0,1,20,20,1,2,2,2,0,0,20,false,0,0,14416,0,0,7167458,25168375,0,42500791,42515875,0
TIncrease,0,1,true,"accepted",0,1,20,21,1,1,1,1,0,0,20,false,0,0,15708,0,0,5143166,7174250,17625,22439208,22455792,0
WDecrease,0,1,true,"accepted",0,1,20,20,1,1,2,0,1,0,20,false,0,0,16042,0,0,5451167,7728917,17792,23143042,23159291,0
TDecrease,0,1,true,"accepted",0,1,20,19,1,2,3,1,0,1,20,false,0,0,14250,0,0,4941000,4244416,219000,19653958,19668792,0
WIncrease,0,1,true,"accepted",0,1,20,20,1,2,2,2,0,0,20,false,0,0,15125,0,0,6981500,25618791,0,42890542,42906084,0
TIncrease,0,1,true,"accepted",0,1,20,21,1,1,1,1,0,0,20,false,0,0,15458,0,0,5143042,7093000,17458,22443625,22459709,0
WDecrease,0,1,true,"accepted",0,1,20,20,1,1,2,0,1,0,20,false,0,0,17167,0,0,5463583,8063291,23166,23819500,23837166,0
TDecrease,0,1,true,"accepted",0,1,20,19,1,2,3,1,0,1,20,false,0,0,15875,0,0,5250459,4556250,235833,19964125,19981500,0
WIncrease,0,1,true,"accepted",0,1,20,20,1,2,2,2,0,0,20,false,0,0,20458,0,0,7247584,25332917,0,42822833,42843417,0
TIncrease,0,1,true,"accepted",0,1,20,21,1,1,1,1,0,0,20,false,0,0,14500,0,0,5173375,6856625,22834,22176708,22192125,0
WDecrease,0,1,true,"accepted",0,1,20,20,1,1,2,0,1,0,20,false,0,0,16375,0,0,5706542,8512417,21583,24161500,24178542,0
TDecrease,0,1,true,"accepted",0,1,20,19,1,2,3,1,0,1,20,false,0,0,18375,0,0,4965167,4254833,219500,19683167,19702334,0
WIncrease,0,1,true,"accepted",0,1,20,20,1,2,2,2,0,0,20,false,0,0,14583,0,0,7497041,25468542,0,43260375,43275459,0
TIncrease,0,1,true,"accepted",0,1,20,21,1,1,1,1,0,0,20,false,0,0,15709,0,0,4909542,7106291,16459,22267666,22284083,0
WDecrease,0,1,true,"accepted",0,1,20,20,1,1,2,0,1,0,20,false,0,0,15625,0,0,5493708,8027209,22458,23775083,23791584,0
TDecrease,0,1,true,"accepted",0,1,20,19,1,2,3,1,0,1,20,false,0,0,16208,0,0,6161833,4236125,224708,20591667,20608500,0
WIncrease,0,1,true,"accepted",0,1,20,20,1,2,2,2,0,0,20,false,0,0,15208,0,0,7322416,25657833,0,43323583,43339084,0
TIncrease,0,1,true,"accepted",0,1,20,21,1,1,1,1,0,0,20,false,0,0,15000,0,0,5310792,6904709,19750,22150750,22166708,0
WDecrease,0,1,true,"accepted",0,1,20,20,1,1,2,0,1,0,20,false,0,0,15916,0,0,5524750,7982709,21250,23761750,23778625,0
TDecrease,0,1,true,"accepted",0,1,20,19,1,2,3,1,0,1,20,false,0,0,14667,0,0,5517916,4537375,235541,20592083,20607292,0
WIncrease,0,1,true,"accepted",0,1,20,20,1,2,2,2,0,0,20,false,0,0,15000,0,0,7066167,25075375,0,42101417,42116541,0
TIncrease,0,1,true,"accepted",0,1,20,21,1,1,1,1,0,0,20,false,0,0,14417,0,0,5251958,7243084,19500,22616667,22632208,0
WDecrease,0,1,true,"accepted",0,1,20,20,1,1,2,0,1,0,20,false,0,0,16250,0,0,6141708,7557667,24083,23639042,23655833,0
TDecrease,0,1,true,"accepted",0,1,20,19,1,2,3,1,0,1,20,false,0,0,14916,0,0,4942125,4235250,226250,19536250,19551834,0
WIncrease,0,1,true,"accepted",0,1,20,20,1,2,2,2,0,0,20,false,0,0,13917,0,0,7002708,25417541,0,42653750,42668208,0
TIncrease,0,1,true,"accepted",0,1,20,21,1,1,1,1,0,0,20,false,0,0,14917,0,0,6379000,6905084,15875,23216833,23232458,0
WDecrease,0,1,true,"accepted",0,1,20,20,1,1,2,0,1,0,20,false,0,0,15375,0,0,5375166,8060875,24250,23587417,23603000,0
TDecrease,0,1,true,"accepted",0,1,20,19,1,2,3,1,0,1,20,false,0,0,15167,0,0,5051458,4492250,240208,19690958,19706875,0
WIncrease,0,1,true,"accepted",0,1,20,20,1,2,2,2,0,0,20,false,0,0,14458,0,0,7156042,25141542,0,42268916,42284000,0
TIncrease,0,1,true,"accepted",0,1,20,21,1,1,1,1,0,0,20,false,0,0,15041,0,0,5166500,7147583,22500,22447250,22462834,0
WDecrease,0,1,true,"accepted",0,1,20,20,1,1,2,0,1,0,20,false,0,0,14916,0,0,5768916,8475959,23333,24189625,24204959,0
TDecrease,0,1,true,"accepted",0,1,20,19,1,2,3,1,0,1,20,false,0,0,14625,0,0,4954125,4226042,215083,19590417,19605375,0
WIncrease,0,1,true,"accepted",0,1,20,20,1,2,2,2,0,0,20,false,0,0,14250,0,0,7006833,25440791,0,42687250,42701709,0
TIncrease,0,1,true,"accepted",0,1,20,21,1,1,1,1,0,0,20,false,0,0,15708,0,0,4982792,7361666,14542,22354000,22370417,0
WDecrease,0,1,true,"accepted",0,1,20,20,1,1,2,0,1,0,20,false,0,0,15542,0,0,5310542,7587750,41500,23068333,23084417,0
TDecrease,0,1,true,"accepted",0,1,20,19,1,2,3,1,0,1,20,false,0,0,14584,0,0,5221458,4491125,226541,19946417,19961791,0
WIncrease,0,1,true,"accepted",0,1,20,20,1,2,2,2,0,0,20,false,0,0,14708,0,0,8192084,25383333,0,43539667,43554875,0
TIncrease,0,1,true,"accepted",0,1,20,21,1,1,1,1,0,0,20,false,0,0,14916,0,0,5124541,7642375,20500,22952083,22967750,0
WDecrease,0,1,true,"accepted",0,1,20,20,1,1,2,0,1,0,20,false,0,0,15208,0,0,5990042,8475625,36333,24696917,24713042,0
TDecrease,0,1,true,"accepted",0,1,20,19,1,2,3,1,0,1,20,false,0,0,15750,0,0,5038083,4338750,237791,19940792,19957167,0
WIncrease,0,1,true,"accepted",0,1,20,20,1,2,2,2,0,0,20,false,0,0,15458,0,0,6864416,25811584,0,42935291,42951250,0
TIncrease,0,1,true,"accepted",0,1,20,21,1,1,1,1,0,0,20,false,0,0,15416,0,0,4943083,7526625,15084,22796500,22812750,0
WDecrease,0,1,true,"accepted",0,1,20,20,1,1,2,0,1,0,20,false,0,0,15541,0,0,5605917,7881167,24708,24670166,24686375,0
TDecrease,0,1,true,"accepted",0,1,20,19,1,2,3,1,0,1,20,false,0,0,18125,0,0,5287042,4287083,238709,19963833,19982583,0
WIncrease,0,1,true,"accepted",0,1,20,20,1,2,2,2,0,0,20,false,0,0,14875,0,0,8052042,25673541,0,44349292,44364375,0
TIncrease,0,1,true,"accepted",0,1,20,21,1,1,1,1,0,0,20,false,0,0,17667,0,0,5352208,6833792,23083,22262333,22280875,0
WDecrease,0,1,true,"accepted",0,1,20,20,1,1,2,0,1,0,20,false,0,0,15416,0,0,5235125,8152750,23958,23611875,23627959,0
TDecrease,0,1,true,"accepted",0,1,20,19,1,2,3,1,0,1,20,false,0,0,17083,0,0,4980958,4393291,239375,19617041,19635292,0
WIncrease,0,1,true,"accepted",0,1,20,20,1,2,2,2,0,0,20,false,0,0,15583,0,0,6980500,25168750,0,42122041,42138125,0
TIncrease,0,1,true,"accepted",0,1,20,21,1,1,1,1,0,0,20,false,0,0,15291,0,0,5161708,7081125,15750,21541625,21557625,0
WDecrease,0,1,true,"accepted",0,1,20,20,1,1,2,0,1,0,20,false,0,0,15708,0,0,5626708,7753959,19959,23974583,23991000,0
TDecrease,0,1,true,"accepted",0,1,20,19,1,2,3,1,0,1,20,false,0,0,15000,0,0,5136000,4227416,247750,19691833,19707417,0
WIncrease,0,1,true,"accepted",0,1,20,20,1,2,2,2,0,0,20,false,0,0,14834,0,0,6953250,27500333,0,44593125,44608458,0
TIncrease,0,1,true,"accepted",0,1,20,21,1,1,1,1,0,0,20,false,0,0,15750,0,0,6815792,6964166,23208,25144542,25161041,0
WDecrease,0,1,true,"accepted",0,1,20,20,1,1,2,0,1,0,20,false,0,0,15334,0,0,6375833,8084833,26375,24670542,24686500,0
TDecrease,0,1,true,"accepted",0,1,20,19,1,2,3,1,0,1,20,false,0,0,15333,0,0,4860959,4238541,230291,19292583,19308333,0
WIncrease,0,1,true,"accepted",0,1,20,20,1,2,2,2,0,0,20,false,0,0,14833,0,0,6804125,25091792,0,42213625,42228875,0
TIncrease,0,1,true,"accepted",0,1,20,21,1,1,1,1,0,0,20,false,0,0,14917,0,0,4954417,7043125,22584,22051666,22067292,0
WDecrease,0,1,true,"accepted",0,1,20,20,1,1,2,0,1,0,20,false,0,0,15375,0,0,5475333,8365667,22792,23798250,23813958,0
TDecrease,0,1,true,"accepted",0,1,20,19,1,2,3,1,0,1,20,false,0,0,16042,0,0,4988625,4246083,223750,19525166,19542041,0
WIncrease,0,1,true,"accepted",0,1,20,20,1,2,2,2,0,0,20,false,0,0,14667,0,0,6928750,25261083,0,42231958,42246958,0
TIncrease,0,1,true,"accepted",0,1,20,21,1,1,1,1,0,0,20,false,0,0,14416,0,0,5111625,7541167,16208,22723959,22738917,0
WDecrease,0,1,true,"accepted",0,1,20,20,1,1,2,0,1,0,20,false,0,0,14417,0,0,5550584,7777458,21625,23574708,23589417,0
TDecrease,0,1,true,"accepted",0,1,20,19,1,2,3,1,0,1,20,false,0,0,15167,0,0,4973000,4242666,228833,19419042,19434667,0
WIncrease,0,1,true,"accepted",0,1,20,20,1,2,2,2,0,0,20,false,0,0,16625,0,0,7153750,25383417,0,42696625,42713459,0
TIncrease,0,1,true,"accepted",0,1,20,21,1,1,1,1,0,0,20,false,0,0,15041,0,0,5130750,6705833,22792,21915709,21931584,0
WDecrease,0,1,true,"accepted",0,1,20,20,1,1,2,0,1,0,20,false,0,0,14709,0,0,5417000,7562041,18667,22996209,23011208,0
TDecrease,0,1,true,"accepted",0,1,20,19,1,2,3,1,0,1,20,false,0,0,14375,0,0,5093125,4496209,213250,19881459,19896167,0
WIncrease,0,1,true,"accepted",0,1,20,20,1,2,2,2,0,0,20,false,0,0,13792,0,0,6993958,24397958,0,41554833,41568875,0
TIncrease,0,1,true,"accepted",0,1,20,21,1,1,1,1,0,0,20,false,0,0,13125,0,0,4793834,6888125,20167,20502917,20516709,0
WDecrease,0,1,true,"accepted",0,1,20,20,1,1,2,0,1,0,20,false,0,0,14750,0,0,5498541,8667833,22000,24282292,24297416,0
TDecrease,0,1,true,"accepted",0,1,20,19,1,2,3,1,0,1,20,false,0,0,16083,0,0,4998042,4433750,227000,19639125,19656000,0
WIncrease,0,1,true,"accepted",0,1,20,20,1,2,2,2,0,0,20,false,0,0,14291,0,0,6821917,23170709,0,40038791,40053417,0
TIncrease,0,1,true,"accepted",0,1,20,21,1,1,1,1,0,0,20,false,0,0,12666,0,0,4901833,7035250,16291,20990167,21003458,0
WDecrease,0,1,true,"accepted",0,1,20,20,1,1,2,0,1,0,20,false,0,0,14291,0,0,5421083,7780917,21125,23284750,23299500,0
TDecrease,0,1,true,"accepted",0,1,20,19,1,2,3,1,0,1,20,false,0,0,14000,0,0,5764458,4277958,248250,20267500,20281959,0
