=== Uniform Weight Distribution Mode ===

--- Execution Info ---
Total Participants: 32
Total Threshold(Weight): 40
Maximum Weight: 4

Signing Participants:
Participant 0 (Weight: 1)
Participant 1 (Weight: 2)
Participant 2 (Weight: 3)
Participant 3 (Weight: 4)
Participant 4 (Weight: 1)
Participant 5 (Weight: 2)
Participant 6 (Weight: 3)
Participant 7 (Weight: 4)
Participant 8 (Weight: 1)
Participant 9 (Weight: 2)
Participant 10 (Weight: 3)
Participant 11 (Weight: 4)
Participant 12 (Weight: 1)
Participant 13 (Weight: 2)
Participant 14 (Weight: 3)
Participant 15 (Weight: 4)
Signing Participants Total Weight: 40

# REG-ADAPT benchmark
# args_N=80 args_threshold=40 setup_ns=1648320792 repeats=30 target=0 cert=online local=true stale_ttl=2 sequence=false audit_exact=false audit_point_offset=0
# ADAPT-style sequence demo under REG metadata guard
# demo_step=1 op=TIncrease delta=50 accepted=true old_t=100 new_t=150 final_exposure=99 transient_exposure=99 reason="accepted"
# demo_step=2 op=WIncrease delta=50 accepted=true old_t=150 new_t=150 final_exposure=149 transient_exposure=149 reason="accepted"
# demo_step=3 op=TDecrease delta=50 accepted=false old_t=150 new_t=100 final_exposure=199 transient_exposure=249 reason="final exposure reaches threshold"
# exact-rank tightness demo threshold=2 conservative_final=2 exact_final=1 conservative_rejects=true exact_accepts=true
op,target,delta,accepted,reason,old_epoch,new_epoch,old_t,new_t,old_exposure,final_exposure,transient_exposure,live_rows,stale_rows,public_rows,cert_weight,cert_verified,exact_final_rank,exact_transient_rank,metadata_guard_ns,cert_online_ns,cert_full_ns,local_compute_ns,local_verify_ns,local_update_ns,local_total_ns,total_ns,exact_rank_audit_ns
WIncrease,0,1,true,"accepted",0,1,40,40,1,2,2,2,0,0,40,true,0,0,22792,62448541,0,40077708,132249958,0,252416875,314890875,0
TIncrease,0,1,true,"accepted",0,1,40,41,1,1,1,1,0,0,40,true,0,0,18500,57528417,0,25964708,47862625,53042,151493584,209042042,0
WDecrease,0,1,true,"accepted",0,1,40,40,1,1,2,0,1,0,40,true,0,0,31208,65560041,0,39766042,87080292,98667,213582125,279175917,0
TDecrease,0,1,true,"accepted",0,1,40,39,1,2,3,1,0,1,40,true,0,0,25916,68876458,0,29233125,15860416,423709,135906583,204812958,0
WIncrease,0,1,true,"accepted",0,1,40,40,1,2,2,2,0,0,40,true,0,0,18542,55372166,0,32523125,153261000,0,265995417,321387583,0
TIncrease,0,1,true,"accepted",0,1,40,41,1,1,1,1,0,0,40,true,0,0,18667,54879417,0,23776041,42588041,35916,139807583,194707250,0
WDecrease,0,1,true,"accepted",0,1,40,40,1,1,2,0,1,0,40,true,0,0,19167,56178083,0,23351625,43741875,58916,145765125,201963959,0
TDecrease,0,1,true,"accepted",0,1,40,39,1,2,3,1,0,1,40,true,0,0,19042,51797833,0,20877750,12519792,396000,104318042,156136292,0
WIncrease,0,1,true,"accepted",0,1,40,40,1,2,2,2,0,0,40,true,0,0,15916,62906208,0,127849083,121852917,0,351379833,414304042,0
TIncrease,0,1,true,"accepted",0,1,40,41,1,1,1,1,0,0,40,true,0,0,16875,52725084,0,31290167,45590833,59417,148919709,201663792,0
WDecrease,0,1,true,"accepted",0,1,40,40,1,1,2,0,1,0,40,true,0,0,19625,53827750,0,27198084,58854250,96750,155752958,209601792,0
TDecrease,0,1,true,"accepted",0,1,40,39,1,2,3,1,0,1,40,true,0,0,20125,49588417,0,23568792,12472917,422083,102993292,152603416,0
WIncrease,0,1,true,"accepted",0,1,40,40,1,2,2,2,0,0,40,true,0,0,16042,50371792,0,31444334,108125458,0,205449083,255838292,0
TIncrease,0,1,true,"accepted",0,1,40,41,1,1,1,1,0,0,40,true,0,0,16125,52417250,0,22687958,46147459,48917,134577625,187012125,0
WDecrease,0,1,true,"accepted",0,1,40,40,1,1,2,0,1,0,40,true,0,0,19625,50707333,0,24931084,45120458,109833,135813208,186541292,0
TDecrease,0,1,true,"accepted",0,1,40,39,1,2,3,1,0,1,40,true,0,0,19166,62131875,0,23273375,12850916,392459,103921208,166073667,0
WIncrease,0,1,true,"accepted",0,1,40,40,1,2,2,2,0,0,40,true,0,0,16334,51636875,0,28284166,99266459,0,192623583,244277083,0
TIncrease,0,1,true,"accepted",0,1,40,41,1,1,1,1,0,0,40,true,0,0,15292,41112166,0,19851833,38230041,32625,141628917,182757958,0
WDecrease,0,1,true,"accepted",0,1,40,40,1,1,2,0,1,0,40,true,0,0,35625,45041167,0,25893250,47984041,65125,135820334,180898958,0
TDecrease,0,1,true,"accepted",0,1,40,39,1,2,3,1,0,1,40,true,0,0,16416,53813166,0,29732750,13761000,417583,123132458,176964083,0
WIncrease,0,1,true,"accepted",0,1,40,40,1,2,2,2,0,0,40,true,0,0,16000,53173583,0,32044209,119678250,0,220525000,273716166,0
TIncrease,0,1,true,"accepted",0,1,40,41,1,1,1,1,0,0,40,true,0,0,16500,54576875,0,30867042,48410291,56000,193792958,248398917,0
WDecrease,0,1,true,"accepted",0,1,40,40,1,1,2,0,1,0,40,true,0,0,17333,56362417,0,25003792,44362000,64625,139866459,196248125,0
TDecrease,0,1,true,"accepted",0,1,40,39,1,2,3,1,0,1,40,true,0,0,16792,48011125,0,31025959,29383750,9930417,141928417,189957708,0
WIncrease,0,1,true,"accepted",0,1,40,40,1,2,2,2,0,0,40,true,0,0,20917,116810333,0,31920333,113224334,0,215666958,332499875,0
TIncrease,0,1,true,"accepted",0,1,40,41,1,1,1,1,0,0,40,true,0,0,16458,52026875,0,21598500,40693959,30625,131129750,183174084,0
WDecrease,0,1,true,"accepted",0,1,40,40,1,1,2,0,1,0,40,true,0,0,16958,48708334,0,23495166,102679792,98875,193499375,242226083,0
TDecrease,0,1,true,"accepted",0,1,40,39,1,2,3,1,0,1,40,true,0,0,19833,63292334,0,22299042,13174208,330583,103600083,166913250,0
WIncrease,0,1,true,"accepted",0,1,40,40,1,2,2,2,0,0,40,true,0,0,15833,48166209,0,33518000,117847791,0,220832167,269017750,0
TIncrease,0,1,true,"accepted",0,1,40,41,1,1,1,1,0,0,40,true,0,0,14791,46389541,0,19999875,37160833,60625,116986667,163391834,0
WDecrease,0,1,true,"accepted",0,1,40,40,1,1,2,0,1,0,40,true,0,0,17834,45192083,0,19956250,38679125,67375,118588167,163799542,0
TDecrease,0,1,true,"accepted",0,1,40,39,1,2,3,1,0,1,40,true,0,0,16041,43441416,0,20310791,12270208,314584,94326833,137785292,0
WIncrease,0,1,true,"accepted",0,1,40,40,1,2,2,2,0,0,40,true,0,0,14791,44137291,0,28974083,96572625,0,184129417,228282625,0
TIncrease,0,1,true,"accepted",0,1,40,41,1,1,1,1,0,0,40,true,0,0,14875,41629000,0,19937250,36141292,28125,113769041,155414042,0
WDecrease,0,1,true,"accepted",0,1,40,40,1,1,2,0,1,0,40,true,0,0,16250,44777875,0,20546666,38441333,43333,117709958,162504791,0
TDecrease,0,1,true,"accepted",0,1,40,39,1,2,3,1,0,1,40,true,0,0,15792,44656750,0,19784333,11478000,317583,91008167,135681500,0
WIncrease,0,1,true,"accepted",0,1,40,40,1,2,2,2,0,0,40,true,0,0,14292,43956125,0,27117625,94903625,0,180367291,224338750,0
TIncrease,0,1,true,"accepted",0,1,40,41,1,1,1,1,0,0,40,true,0,0,14792,41846375,0,19545250,31985875,27958,109276542,151138500,0
WDecrease,0,1,true,"accepted",0,1,40,40,1,1,2,0,1,0,40,true,0,0,14584,44416375,0,18670000,36939792,46291,113756625,158188917,0
TDecrease,0,1,true,"accepted",0,1,40,39,1,2,3,1,0,1,40,true,0,0,15791,43525167,0,18720708,11006083,330625,89606458,133148625,0
WIncrease,0,1,true,"accepted",0,1,40,40,1,2,2,2,0,0,40,true,0,0,14458,45218667,0,27858166,97920916,0,231067250,276302125,0
TIncrease,0,1,true,"accepted",0,1,40,41,1,1,1,1,0,0,40,true,0,0,14500,41653000,0,22793375,38040708,28459,118542625,160211541,0
WDecrease,0,1,true,"accepted",0,1,40,40,1,1,2,0,1,0,40,true,0,0,16875,46164292,0,21663417,37795584,57542,119729291,165911500,0
TDecrease,0,1,true,"accepted",0,1,40,39,1,2,3,1,0,1,40,true,0,0,15917,44832292,0,19154375,10867375,337458,91126000,135974792,0
WIncrease,0,1,true,"accepted",0,1,40,40,1,2,2,2,0,0,40,true,0,0,16416,45179541,0,29385041,94952333,0,182068209,227265000,0
TIncrease,0,1,true,"accepted",0,1,40,41,1,1,1,1,0,0,40,true,0,0,14333,42696666,0,19187292,34344666,25125,111224875,153936750,0
WDecrease,0,1,true,"accepted",0,1,40,40,1,1,2,0,1,0,40,true,0,0,14625,44635875,0,21254334,38161750,40042,116907292,161558584,0
TDecrease,0,1,true,"accepted",0,1,40,39,1,2,3,1,0,1,40,true,0,0,16042,46424291,0,20558542,11037666,310209,91391166,137832167,0
WIncrease,0,1,true,"accepted",0,1,40,40,1,2,2,2,0,0,40,true,0,0,14625,42117084,0,26441375,94727000,0,179452042,221584458,0
TIncrease,0,1,true,"accepted",0,1,40,41,1,1,1,1,0,0,40,true,0,0,14000,41353750,0,18685458,36870584,26334,113374709,154743292,0
WDecrease,0,1,true,"accepted",0,1,40,40,1,1,2,0,1,0,40,true,0,0,14959,43723916,0,21348875,41392916,68834,120897416,164637292,0
TDecrease,0,1,true,"accepted",0,1,40,39,1,2,3,1,0,1,40,true,0,0,16250,43283417,0,19172042,10930250,301459,92144333,135445166,0
WIncrease,0,1,true,"accepted",0,1,40,40,1,2,2,2,0,0,40,true,0,0,14833,43973542,0,26038625,95018083,0,178935750,222925167,0
TIncrease,0,1,true,"accepted",0,1,40,41,1,1,1,1,0,0,40,true,0,0,14708,42659750,0,19310583,34006000,25833,110853917,153529417,0
WDecrease,0,1,true,"accepted",0,1,40,40,1,1,2,0,1,0,40,true,0,0,14958,43130459,0,20784083,39858125,41333,118613292,161760083,0
TDecrease,0,1,true,"accepted",0,1,40,39,1,2,3,1,0,1,40,true,0,0,16208,45157250,0,20052500,10809084,317292,92813541,137988333,0
WIncrease,0,1,true,"accepted",0,1,40,40,1,2,2,2,0,0,40,true,0,0,14792,44104375,0,26103666,95050959,0,179314750,223434958,0
TIncrease,0,1,true,"accepted",0,1,40,41,1,1,1,1,0,0,40,true,0,0,15000,40998083,0,22136583,34309166,27709,114161458,155175542,0
WDecrease,0,1,true,"accepted",0,1,40,40,1,1,2,0,1,0,40,true,0,0,16667,44304292,0,20627500,41278666,58667,121373000,165695334,0
TDecrease,0,1,true,"accepted",0,1,40,39,1,2,3,1,0,1,40,true,0,0,16083,45163250,0,20529084,11841709,307125,94937000,140117584,0
WIncrease,0,1,true,"accepted",0,1,40,40,1,2,2,2,0,0,40,true,0,0,14500,44483583,0,27582167,95353417,0,182104833,226604291,0
TIncrease,0,1,true,"accepted",0,1,40,41,1,1,1,1,0,0,40,true,0,0,15084,41909459,0,19181000,35211250,28875,111870708,153796625,0
WDecrease,0,1,true,"accepted",0,1,40,40,1,1,2,0,1,0,40,true,0,0,16875,46310000,0,21215583,37698458,62917,120186834,166514666,0
TDecrease,0,1,true,"accepted",0,1,40,39,1,2,3,1,0,1,40,true,0,0,16292,43698417,0,19496834,11799708,327083,93474292,137190375,0
WIncrease,0,1,true,"accepted",0,1,40,40,1,2,2,2,0,0,40,true,0,0,15750,43948208,0,26108958,150160042,0,235362416,279328000,0
TIncrease,0,1,true,"accepted",0,1,40,41,1,1,1,1,0,0,40,true,0,0,16791,50306000,0,32529209,61302541,50666,164006500,214331083,0
WDecrease,0,1,true,"accepted",0,1,40,40,1,1,2,0,1,0,40,true,0,0,17125,60432166,0,21492584,36709542,50667,124016958,184467625,0
TDecrease,0,1,true,"accepted",0,1,40,39,1,2,3,1,0,1,40,true,0,0,17000,44791084,0,19382291,10817958,325667,92897250,137706334,0
WIncrease,0,1,true,"accepted",0,1,40,40,1,2,2,2,0,0,40,true,0,0,14458,44906958,0,27566250,97891917,0,191536000,236458625,0
TIncrease,0,1,true,"accepted",0,1,40,41,1,1,1,1,0,0,40,true,0,0,14667,41579917,0,21464834,37178625,29833,130683666,172279542,0
WDecrease,0,1,true,"accepted",0,1,40,40,1,1,2,0,1,0,40,true,0,0,16292,44332125,0,20091125,38796625,41084,120324500,164674375,0
TDecrease,0,1,true,"accepted",0,1,40,39,1,2,3,1,0,1,40,true,0,0,16041,44301084,0,18095833,11085459,329208,91277167,135595208,0
WIncrease,0,1,true,"accepted",0,1,40,40,1,2,2,2,0,0,40,true,0,0,14292,42842750,0,25511500,94916375,0,179591667,222449875,0
TIncrease,0,1,true,"accepted",0,1,40,41,1,1,1,1,0,0,40,true,0,0,15458,40647542,0,20825750,37224500,26208,115595583,156259375,0
WDecrease,0,1,true,"accepted",0,1,40,40,1,1,2,0,1,0,40,true,0,0,14625,46325708,0,20621667,44577458,43375,123696333,170037792,0
TDecrease,0,1,true,"accepted",0,1,40,39,1,2,3,1,0,1,40,true,0,0,16375,48629458,0,22226166,12316792,361459,105605708,154252459,0
WIncrease,0,1,true,"accepted",0,1,40,40,1,2,2,2,0,0,40,true,0,0,16458,47793833,0,25915500,96225834,0,185086292,232897875,0
TIncrease,0,1,true,"accepted",0,1,40,41,1,1,1,1,0,0,40,true,0,0,14417,43018666,0,20119417,93300708,95083,171118959,214154375,0
WDecrease,0,1,true,"accepted",0,1,40,40,1,1,2,0,1,0,40,true,0,0,21084,58716166,0,20747833,36951625,42625,121668709,180407208,0
TDecrease,0,1,true,"accepted",0,1,40,39,1,2,3,1,0,1,40,true,0,0,16083,46536250,0,19081000,10940167,310375,91818334,138371833,0
WIncrease,0,1,true,"accepted",0,1,40,40,1,2,2,2,0,0,40,true,0,0,14167,45778333,0,26293875,94594667,0,179012250,224805375,0
TIncrease,0,1,true,"accepted",0,1,40,41,1,1,1,1,0,0,40,true,0,0,14750,43841000,0,21917375,35160750,52750,115105583,158962542,0
WDecrease,0,1,true,"accepted",0,1,40,40,1,1,2,0,1,0,40,true,0,0,16750,45422375,0,22147292,41816333,54417,122935292,168375000,0
TDecrease,0,1,true,"accepted",0,1,40,39,1,2,3,1,0,1,40,true,0,0,15375,43544375,0,18259459,10913167,312375,88662958,132223167,0
WIncrease,0,1,true,"accepted",0,1,40,40,1,2,2,2,0,0,40,true,0,0,13875,44437292,0,27095834,95024417,0,180085416,224537458,0
TIncrease,0,1,true,"accepted",0,1,40,41,1,1,1,1,0,0,40,true,0,0,14333,43186125,0,19145208,34823500,27375,112037542,155239458,0
WDecrease,0,1,true,"accepted",0,1,40,40,1,1,2,0,1,0,40,true,0,0,14792,44238625,0,20225542,35382416,40041,113132750,157386834,0
TDecrease,0,1,true,"accepted",0,1,40,39,1,2,3,1,0,1,40,true,0,0,16167,46491250,0,19420584,11610542,326917,93556834,140065834,0
WIncrease,0,1,true,"accepted",0,1,40,40,1,2,2,2,0,0,40,true,0,0,14917,42764291,0,30127292,101740208,0,192479125,235259416,0
TIncrease,0,1,true,"accepted",0,1,40,41,1,1,1,1,0,0,40,true,0,0,14709,45113750,0,22340041,37553417,33667,119460959,164591500,0
WDecrease,0,1,true,"accepted",0,1,40,40,1,1,2,0,1,0,40,true,0,0,18000,46559459,0,23750375,42766125,67250,126761250,173340083,0
TDecrease,0,1,true,"accepted",0,1,40,39,1,2,3,1,0,1,40,true,0,0,17791,46928000,0,19422459,11207833,336125,93014250,139961417,0
WIncrease,0,1,true,"accepted",0,1,40,40,1,2,2,2,0,0,40,true,0,0,14500,43275083,0,25399042,94477458,0,178266292,221556750,0
TIncrease,0,1,true,"accepted",0,1,40,41,1,1,1,1,0,0,40,true,0,0,14166,37659417,0,20742917,36075625,28542,117420250,155095084,0
WDecrease,0,1,true,"accepted",0,1,40,40,1,1,2,0,1,0,40,true,0,0,16834,58990583,0,21835500,42080250,77917,128057542,187066083,0
TDecrease,0,1,true,"accepted",0,1,40,39,1,2,3,1,0,1,40,true,0,0,26750,53773417,0,26280958,13966917,443875,108299708,162101583,0
WIncrease,0,1,true,"accepted",0,1,40,40,1,2,2,2,0,0,40,true,0,0,16459,48634833,0,30338458,149010875,0,247488250,296141000,0
TIncrease,0,1,true,"accepted",0,1,40,41,1,1,1,1,0,0,40,true,0,0,16584,51013250,0,24979459,50168417,59834,147986375,199018000,0
WDecrease,0,1,true,"accepted",0,1,40,40,1,1,2,0,1,0,40,true,0,0,16792,54621791,0,23699541,48108875,98542,141985292,196625666,0
TDecrease,0,1,true,"accepted",0,1,40,39,1,2,3,1,0,1,40,true,0,0,33667,50831708,0,21975791,13636208,405583,106248917,157116250,0
WIncrease,0,1,true,"accepted",0,1,40,40,1,2,2,2,0,0,40,true,0,0,15958,52256458,0,33404625,127797458,0,231895041,284168875,0
TIncrease,0,1,true,"accepted",0,1,40,41,1,1,1,1,0,0,40,true,0,0,16209,60120792,0,23965250,39691917,31166,152115000,212254125,0
WDecrease,0,1,true,"accepted",0,1,40,40,1,1,2,0,1,0,40,true,0,0,16875,46900625,0,22825000,46630709,59917,138328167,185246459,0
TDecrease,0,1,true,"accepted",0,1,40,39,1,2,3,1,0,1,40,true,0,0,16125,47886792,0,20501667,12343084,347000,97277916,145182916,0
WIncrease,0,1,true,"accepted",0,1,40,40,1,2,2,2,0,0,40,true,0,0,16000,44716583,0,27325292,110217875,0,196714667,241448500,0
TIncrease,0,1,true,"accepted",0,1,40,41,1,1,1,1,0,0,40,true,0,0,15750,58909125,0,19964417,36843584,28292,122198083,181125375,0
WDecrease,0,1,true,"accepted",0,1,40,40,1,1,2,0,1,0,40,true,0,0,17125,46495917,0,20513667,42007667,41708,124384334,170899625,0
TDecrease,0,1,true,"accepted",0,1,40,39,1,2,3,1,0,1,40,true,0,0,15792,44294375,0,21860000,12304917,333292,97601292,141912750,0
WIncrease,0,1,true,"accepted",0,1,40,40,1,2,2,2,0,0,40,true,0,0,14625,47180000,0,28183167,102472084,0,191470834,238670542,0
TIncrease,0,1,true,"accepted",0,1,40,41,1,1,1,1,0,0,40,true,0,0,15208,40844709,0,18435917,36992917,30833,115253417,156113959,0
WDecrease,0,1,true,"accepted",0,1,40,40,1,1,2,0,1,0,40,true,0,0,16792,43466834,0,20033000,36039709,60541,113618208,157103083,0
TDecrease,0,1,true,"accepted",0,1,40,39,1,2,3,1,0,1,40,true,0,0,16250,42841875,0,17660958,11045042,339500,89712500,132571667,0
WIncrease,0,1,true,"accepted",0,1,40,40,1,2,2,2,0,0,40,true,0,0,14375,45238667,0,33592958,129127292,0,222937208,268191250,0
TIncrease,0,1,true,"accepted",0,1,40,41,1,1,1,1,0,0,40,true,0,0,20375,89437833,0,25481458,41688750,51125,147465000,236925167,0
WDecrease,0,1,true,"accepted",0,1,40,40,1,1,2,0,1,0,40,true,0,0,17000,48765292,0,87542541,94282417,93750,272337542,321121708,0
TDecrease,0,1,true,"accepted",0,1,40,39,1,2,3,1,0,1,40,true,0,0,31250,51507375,0,22021542,13383958,942750,108608958,160149375,0
WIncrease,0,1,true,"accepted",0,1,40,40,1,2,2,2,0,0,40,true,0,0,16125,50725250,0,30580000,122068750,0,222691750,273435041,0
TIncrease,0,1,true,"accepted",0,1,40,41,1,1,1,1,0,0,40,true,0,0,25500,45761708,0,22412417,39290875,31167,132967417,178756083,0
WDecrease,0,1,true,"accepted",0,1,40,40,1,1,2,0,1,0,40,true,0,0,16917,46072958,0,22536208,39720416,44209,128979666,175070833,0
TDecrease,0,1,true,"accepted",0,1,40,39,1,2,3,1,0,1,40,true,0,0,16500,46245500,0,19643750,12187125,351583,97496041,143759042,0
