=== Uniform Weight Distribution Mode ===

--- Execution Info ---
Total Participants: 8
Total Threshold(Weight): 10
Maximum Weight: 4

Signing Participants:
Participant 0 (Weight: 1)
Participant 1 (Weight: 2)
Participant 2 (Weight: 3)
Participant 3 (Weight: 4)
Signing Participants Total Weight: 10

# REG-ADAPT benchmark
# args_N=20 args_threshold=10 setup_ns=34522291 repeats=30 target=0 cert=online local=true stale_ttl=2 sequence=false audit_exact=false audit_point_offset=0
# ADAPT-style sequence demo under REG metadata guard
# demo_step=1 op=TIncrease delta=50 accepted=true old_t=100 new_t=150 final_exposure=99 transient_exposure=99 reason="accepted"
# demo_step=2 op=WIncrease delta=50 accepted=true old_t=150 new_t=150 final_exposure=149 transient_exposure=149 reason="accepted"
# demo_step=3 op=TDecrease delta=50 accepted=false old_t=150 new_t=100 final_exposure=199 transient_exposure=249 reason="final exposure reaches threshold"
# exact-rank tightness demo threshold=2 conservative_final=2 exact_final=1 conservative_rejects=true exact_accepts=true
op,target,delta,accepted,reason,old_epoch,new_epoch,old_t,new_t,old_exposure,final_exposure,transient_exposure,live_rows,stale_rows,public_rows,cert_weight,cert_verified,exact_final_rank,exact_transient_rank,metadata_guard_ns,cert_online_ns,cert_full_ns,local_compute_ns,local_verify_ns,local_update_ns,local_total_ns,total_ns,exact_rank_audit_ns
WIncrease,0,1,true,"accepted",0,1,10,10,1,2,2,2,0,0,10,true,0,0,20041,4775417,0,3587458,6654666,0,12319292,17115959,0
TIncrease,0,1,true,"accepted",0,1,10,11,1,1,1,1,0,0,10,true,0,0,17250,4757542,0,2791125,2989500,13792,7849750,12625500,0
WDecrease,0,1,true,"accepted",0,1,10,10,1,1,2,0,1,0,10,true,0,0,18084,4702750,0,2475292,3329583,13542,7840208,12561917,0
TDecrease,0,1,true,"accepted",0,1,10,9,1,2,3,1,0,1,10,true,0,0,17208,4770584,0,2386125,1972584,198042,6572666,11361375,0
WIncrease,0,1,true,"accepted",0,1,10,10,1,2,2,2,0,0,10,true,0,0,16458,4979542,0,3638500,6519125,0,12228166,17225042,0
TIncrease,0,1,true,"accepted",0,1,10,11,1,1,1,1,0,0,10,true,0,0,16791,4798666,0,2499875,2862334,15792,7417750,12234125,0
WDecrease,0,1,true,"accepted",0,1,10,10,1,1,2,0,1,0,10,true,0,0,37625,4844292,0,3225125,3219917,12417,8472959,13357041,0
TDecrease,0,1,true,"accepted",0,1,10,9,1,2,3,1,0,1,10,true,0,0,18208,5043416,0,2389541,1991917,190417,6715208,11777667,0
WIncrease,0,1,true,"accepted",0,1,10,10,1,2,2,2,0,0,10,true,0,0,19667,4800042,0,2915333,6598167,0,11563792,16385000,0
TIncrease,0,1,true,"accepted",0,1,10,11,1,1,1,1,0,0,10,true,0,0,16166,4698667,0,3933459,4834750,20958,11090333,15806417,0
WDecrease,0,1,true,"accepted",0,1,10,10,1,1,2,0,1,0,10,true,0,0,17917,7450125,0,6207625,7450791,19917,16135000,23605125,0
TDecrease,0,1,true,"accepted",0,1,10,9,1,2,3,1,0,1,10,true,0,0,21042,10498792,0,5024250,3998500,419208,14214834,24736584,0
WIncrease,0,1,true,"accepted",0,1,10,10,1,2,2,2,0,0,10,true,0,0,22542,8916750,0,4825000,12618542,0,20937917,29879250,0
TIncrease,0,1,true,"accepted",0,1,10,11,1,1,1,1,0,0,10,true,0,0,22583,7640625,0,3704458,3601500,36500,10947209,18613875,0
WDecrease,0,1,true,"accepted",0,1,10,10,1,1,2,0,1,0,10,true,0,0,35209,7022542,0,3497541,4326916,17459,10942791,18002708,0
TDecrease,0,1,true,"accepted",0,1,10,9,1,2,3,1,0,1,10,true,0,0,20417,6988125,0,2589875,2423167,249709,7714416,14725500,0
WIncrease,0,1,true,"accepted",0,1,10,10,1,2,2,2,0,0,10,true,0,0,23167,6950000,0,4265250,10197417,0,17225334,24200208,0
TIncrease,0,1,true,"accepted",0,1,10,11,1,1,1,1,0,0,10,true,0,0,20583,5278125,0,2917125,3158875,74459,8586708,13886666,0
WDecrease,0,1,true,"accepted",0,1,10,10,1,1,2,0,1,0,10,true,0,0,23250,6460083,0,3288958,4379167,44000,10325625,16810916,0
TDecrease,0,1,true,"accepted",0,1,10,9,1,2,3,1,0,1,10,true,0,0,21000,5938750,0,2749417,2437167,232084,7857541,13819084,0
WIncrease,0,1,true,"accepted",0,1,10,10,1,2,2,2,0,0,10,true,0,0,19334,5971542,0,4141958,9001542,0,16049667,22042417,0
TIncrease,0,1,true,"accepted",0,1,10,11,1,1,1,1,0,0,10,true,0,0,21166,5244334,0,2802291,3485500,44792,8731334,13998417,0
WDecrease,0,1,true,"accepted",0,1,10,10,1,1,2,0,1,0,10,true,0,0,46791,5785041,0,3085125,3437791,33917,9007208,14841208,0
TDecrease,0,1,true,"accepted",0,1,10,9,1,2,3,1,0,1,10,true,0,0,22542,5444459,0,2685083,2384917,247708,7750250,13219208,0
WIncrease,0,1,true,"accepted",0,1,10,10,1,2,2,2,0,0,10,true,0,0,20208,5808666,0,3535291,8111750,0,14206625,20036959,0
TIncrease,0,1,true,"accepted",0,1,10,11,1,1,1,1,0,0,10,true,0,0,25875,5839208,0,2940875,2988125,12791,8344375,14211250,0
WDecrease,0,1,true,"accepted",0,1,10,10,1,1,2,0,1,0,10,true,0,0,20583,6060750,0,2993000,3582292,15667,9055375,15138458,0
TDecrease,0,1,true,"accepted",0,1,10,9,1,2,3,1,0,1,10,true,0,0,21292,5446542,0,2573166,2325542,229542,7826000,13295167,0
WIncrease,0,1,true,"accepted",0,1,10,10,1,2,2,2,0,0,10,true,0,0,19875,5458584,0,4295625,7960792,0,14692750,20172375,0
TIncrease,0,1,true,"accepted",0,1,10,11,1,1,1,1,0,0,10,true,0,0,24833,5429542,0,2751917,3190417,14833,8511583,13967541,0
WDecrease,0,1,true,"accepted",0,1,10,10,1,1,2,0,1,0,10,true,0,0,21000,5511167,0,3008459,3001500,13875,8655000,14188500,0
TDecrease,0,1,true,"accepted",0,1,10,9,1,2,3,1,0,1,10,true,0,0,21208,5497875,0,2641500,2433458,223958,7734417,13254958,0
WIncrease,0,1,true,"accepted",0,1,10,10,1,2,2,2,0,0,10,true,0,0,19250,5687542,0,3815458,8143750,0,14548125,20255708,0
TIncrease,0,1,true,"accepted",0,1,10,11,1,1,1,1,0,0,10,true,0,0,19625,5653792,0,2989625,3256375,27375,8682042,14357458,0
WDecrease,0,1,true,"accepted",0,1,10,10,1,1,2,0,1,0,10,true,0,0,23375,5435625,0,2869000,3818875,14208,9178459,14639541,0
TDecrease,0,1,true,"accepted",0,1,10,9,1,2,3,1,0,1,10,true,0,0,19834,5524125,0,3051833,2418542,262500,8130833,13676042,0
WIncrease,0,1,true,"accepted",0,1,10,10,1,2,2,2,0,0,10,true,0,0,20291,5580625,0,4016542,7361084,0,13839791,19441584,0
TIncrease,0,1,true,"accepted",0,1,10,11,1,1,1,1,0,0,10,true,0,0,18041,4797333,0,2297625,2821000,15667,7141958,11958209,0
WDecrease,0,1,true,"accepted",0,1,10,10,1,1,2,0,1,0,10,true,0,0,17208,5084417,0,2713041,2992750,13541,7731792,12835208,0
TDecrease,0,1,true,"accepted",0,1,10,9,1,2,3,1,0,1,10,true,0,0,17584,4148958,0,2589792,1938083,189708,6881125,11048959,0
WIncrease,0,1,true,"accepted",0,1,10,10,1,2,2,2,0,0,10,true,0,0,17042,4522250,0,3489583,6796958,0,12341875,16882166,0
TIncrease,0,1,true,"accepted",0,1,10,11,1,1,1,1,0,0,10,true,0,0,16041,5351750,0,2693667,2680417,13917,7489084,12859417,0
WDecrease,0,1,true,"accepted",0,1,10,10,1,1,2,0,1,0,10,true,0,0,17000,5499917,0,2953250,3548917,23959,8992583,14511417,0
TDecrease,0,1,true,"accepted",0,1,10,9,1,2,3,1,0,1,10,true,0,0,49042,5753458,0,2699167,2355250,214375,7756709,13562167,0
WIncrease,0,1,true,"accepted",0,1,10,10,1,2,2,2,0,0,10,true,0,0,25750,5545583,0,3959958,7137250,0,13519875,19093167,0
TIncrease,0,1,true,"accepted",0,1,10,11,1,1,1,1,0,0,10,true,0,0,37625,6269334,0,3364583,3586959,33334,9760708,16070500,0
WDecrease,0,1,true,"accepted",0,1,10,10,1,1,2,0,1,0,10,true,0,0,34708,8744167,0,3463084,3865417,15167,10115041,18896000,0
TDecrease,0,1,true,"accepted",0,1,10,9,1,2,3,1,0,1,10,true,0,0,19792,12609292,0,8718417,3312208,600125,16214042,28845167,0
WIncrease,0,1,true,"accepted",0,1,10,10,1,2,2,2,0,0,10,true,0,0,20875,13208416,0,12418250,16539500,0,32305917,45537500,0
TIncrease,0,1,true,"accepted",0,1,10,11,1,1,1,1,0,0,10,true,0,0,21208,19845417,0,7945333,12353458,23375,25307083,45175708,0
WDecrease,0,1,true,"accepted",0,1,10,10,1,1,2,0,1,0,10,true,0,0,23792,14566125,0,6900208,12812375,105750,25515541,40110167,0
TDecrease,0,1,true,"accepted",0,1,10,9,1,2,3,1,0,1,10,true,0,0,28167,29557625,0,10873792,4412500,1704083,28469583,58059542,0
WIncrease,0,1,true,"accepted",0,1,10,10,1,2,2,2,0,0,10,true,0,0,22167,18785250,0,7082583,13125708,0,25657708,44468125,0
TIncrease,0,1,true,"accepted",0,1,10,11,1,1,1,1,0,0,10,true,0,0,47000,12396583,0,6347500,5190583,21834,15160500,27606500,0
WDecrease,0,1,true,"accepted",0,1,10,10,1,1,2,0,1,0,10,true,0,0,22417,9008292,0,7443083,24559791,22917,35355000,44387875,0
TDecrease,0,1,true,"accepted",0,1,10,9,1,2,3,1,0,1,10,true,0,0,21042,25968125,0,7374875,5207625,402000,18083208,44074875,0
WIncrease,0,1,true,"accepted",0,1,10,10,1,2,2,2,0,0,10,true,0,0,22375,14334125,0,7894875,14989125,0,34950875,49309958,0
TIncrease,0,1,true,"accepted",0,1,10,11,1,1,1,1,0,0,10,true,0,0,22458,8543667,0,4986208,5998458,28459,14954750,23523292,0
WDecrease,0,1,true,"accepted",0,1,10,10,1,1,2,0,1,0,10,true,0,0,21583,7124084,0,5490959,4829250,16084,13495958,20644208,0
TDecrease,0,1,true,"accepted",0,1,10,9,1,2,3,1,0,1,10,true,0,0,22625,7155500,0,3507250,3817292,238709,12190041,19371375,0
WIncrease,0,1,true,"accepted",0,1,10,10,1,2,2,2,0,0,10,true,0,0,24375,6612125,0,4174583,9781459,0,17666958,24316084,0
TIncrease,0,1,true,"accepted",0,1,10,11,1,1,1,1,0,0,10,true,0,0,23167,5696667,0,3188209,4469625,23416,10799125,16521375,0
WDecrease,0,1,true,"accepted",0,1,10,10,1,1,2,0,1,0,10,true,0,0,23083,7020500,0,3321000,3987417,17083,10768250,17814250,0
TDecrease,0,1,true,"accepted",0,1,10,9,1,2,3,1,0,1,10,true,0,0,20125,5465917,0,2578166,2306792,289750,7586917,13078375,0
WIncrease,0,1,true,"accepted",0,1,10,10,1,2,2,2,0,0,10,true,0,0,20959,6731458,0,4051000,8737375,0,15903584,22658750,0
TIncrease,0,1,true,"accepted",0,1,10,11,1,1,1,1,0,0,10,true,0,0,20625,6303333,0,3055958,3609417,17000,9117125,15443292,0
WDecrease,0,1,true,"accepted",0,1,10,10,1,1,2,0,1,0,10,true,0,0,24750,7030250,0,3399709,3851125,13209,10213333,17270125,0
TDecrease,0,1,true,"accepted",0,1,10,9,1,2,3,1,0,1,10,true,0,0,20417,6269792,0,3123583,2512916,280000,8396750,14688458,0
WIncrease,0,1,true,"accepted",0,1,10,10,1,2,2,2,0,0,10,true,0,0,23250,6715417,0,4792834,8857750,0,17086250,23826875,0
TIncrease,0,1,true,"accepted",0,1,10,11,1,1,1,1,0,0,10,true,0,0,21792,6044875,0,3064958,3626417,16750,10226042,16295000,0
WDecrease,0,1,true,"accepted",0,1,10,10,1,1,2,0,1,0,10,true,0,0,22958,5913375,0,3286834,3613083,27500,10843125,16781291,0
TDecrease,0,1,true,"accepted",0,1,10,9,1,2,3,1,0,1,10,true,0,0,20500,5177792,0,2900833,2311750,219584,8230958,13430916,0
WIncrease,0,1,true,"accepted",0,1,10,10,1,2,2,2,0,0,10,true,0,0,20209,5646083,0,4351958,7779792,0,14550625,20218541,0
TIncrease,0,1,true,"accepted",0,1,10,11,1,1,1,1,0,0,10,true,0,0,20209,5373417,0,2968584,3153083,12666,9310500,14705083,0
WDecrease,0,1,true,"accepted",0,1,10,10,1,1,2,0,1,0,10,true,0,0,20125,5681667,0,3185875,3707458,14541,9676959,15380042,0
TDecrease,0,1,true,"accepted",0,1,10,9,1,2,3,1,0,1,10,true,0,0,20667,5344292,0,2809750,2476292,232542,7963500,13329292,0
WIncrease,0,1,true,"accepted",0,1,10,10,1,2,2,2,0,0,10,true,0,0,21708,5426750,0,3865416,8467708,0,14744750,20194416,0
TIncrease,0,1,true,"accepted",0,1,10,11,1,1,1,1,0,0,10,true,0,0,20375,5398459,0,3057583,3194792,34083,8693583,14114375,0
WDecrease,0,1,true,"accepted",0,1,10,10,1,1,2,0,1,0,10,true,0,0,23625,5624541,0,3301333,3536250,15667,9603541,15253208,0
TDecrease,0,1,true,"accepted",0,1,10,9,1,2,3,1,0,1,10,true,0,0,21958,5323792,0,2769875,2416792,352833,7952208,13299375,0
WIncrease,0,1,true,"accepted",0,1,10,10,1,2,2,2,0,0,10,true,0,0,22458,6687292,0,4301917,9658292,0,17353500,24064708,0
TIncrease,0,1,true,"accepted",0,1,10,11,1,1,1,1,0,0,10,true,0,0,20583,5975958,0,3517042,3713750,29833,9722917,15720791,0
WDecrease,0,1,true,"accepted",0,1,10,10,1,1,2,0,1,0,10,true,0,0,22166,6171166,0,3867209,3697375,16333,10053167,16248584,0
TDecrease,0,1,true,"accepted",0,1,10,9,1,2,3,1,0,1,10,true,0,0,21708,5664625,0,3543625,2765000,268166,9137375,14825416,0
WIncrease,0,1,true,"accepted",0,1,10,10,1,2,2,2,0,0,10,true,0,0,21500,6593541,0,4179917,8033750,0,14896709,21513292,0
TIncrease,0,1,true,"accepted",0,1,10,11,1,1,1,1,0,0,10,true,0,0,20583,6133042,0,3149791,3512916,39584,10252000,16407709,0
WDecrease,0,1,true,"accepted",0,1,10,10,1,1,2,0,1,0,10,true,0,0,22125,6194083,0,2976750,3465875,16458,9164584,15382916,0
TDecrease,0,1,true,"accepted",0,1,10,9,1,2,3,1,0,1,10,true,0,0,20250,5629125,0,2941917,2874125,221917,9005625,14656167,0
WIncrease,0,1,true,"accepted",0,1,10,10,1,2,2,2,0,0,10,true,0,0,21667,5899875,0,4092000,8622750,0,15590000,21512917,0
TIncrease,0,1,true,"accepted",0,1,10,11,1,1,1,1,0,0,10,true,0,0,20791,6843292,0,3034542,3521917,19375,9482167,16348083,0
WDecrease,0,1,true,"accepted",0,1,10,10,1,1,2,0,1,0,10,true,0,0,22125,6402209,0,3328334,4075667,17125,10088750,16515667,0
TDecrease,0,1,true,"accepted",0,1,10,9,1,2,3,1,0,1,10,true,0,0,34375,5965833,0,2797208,2317208,235000,8428583,14430541,0
WIncrease,0,1,true,"accepted",0,1,10,10,1,2,2,2,0,0,10,true,0,0,20708,5867792,0,4361625,10674500,0,18173916,24064125,0
TIncrease,0,1,true,"accepted",0,1,10,11,1,1,1,1,0,0,10,true,0,0,22250,7292250,0,4092542,3175792,15333,10270667,17587458,0
WDecrease,0,1,true,"accepted",0,1,10,10,1,1,2,0,1,0,10,true,0,0,21458,6151500,0,3333000,4262250,15583,10187708,16362875,0
TDecrease,0,1,true,"accepted",0,1,10,9,1,2,3,1,0,1,10,true,0,0,20209,6347709,0,3061042,2578791,539875,8666584,15037250,0
WIncrease,0,1,true,"accepted",0,1,10,10,1,2,2,2,0,0,10,true,0,0,23958,5616958,0,4176750,8342791,0,15551875,21194209,0
TIncrease,0,1,true,"accepted",0,1,10,11,1,1,1,1,0,0,10,true,0,0,20750,6317125,0,3157667,3236333,13542,9105500,15446333,0
WDecrease,0,1,true,"accepted",0,1,10,10,1,1,2,0,1,0,10,true,0,0,29708,5769542,0,3282500,3756125,15958,10159167,15960917,0
TDecrease,0,1,true,"accepted",0,1,10,9,1,2,3,1,0,1,10,true,0,0,21875,5565500,0,3068000,2753000,273500,8892125,14481458,0
WIncrease,0,1,true,"accepted",0,1,10,10,1,2,2,2,0,0,10,true,0,0,22125,5768125,0,3818250,8432292,0,14769042,20560833,0
TIncrease,0,1,true,"accepted",0,1,10,11,1,1,1,1,0,0,10,true,0,0,21958,5432375,0,2512667,3601125,15292,8716250,14173750,0
WDecrease,0,1,true,"accepted",0,1,10,10,1,1,2,0,1,0,10,true,0,0,20625,5581583,0,3046625,4690208,16083,10319000,15922250,0
TDecrease,0,1,true,"accepted",0,1,10,9,1,2,3,1,0,1,10,true,0,0,21375,5413000,0,3150500,2392042,255917,8286541,13722333,0
WIncrease,0,1,true,"accepted",0,1,10,10,1,2,2,2,0,0,10,true,0,0,22875,6083250,0,4201625,8851541,0,15512584,21621666,0
TIncrease,0,1,true,"accepted",0,1,10,11,1,1,1,1,0,0,10,true,0,0,20917,5435209,0,2620292,3431833,27166,8536792,13994542,0
WDecrease,0,1,true,"accepted",0,1,10,10,1,1,2,0,1,0,10,true,0,0,21083,5426791,0,3145333,3738875,31625,9349584,14799250,0
TDecrease,0,1,true,"accepted",0,1,10,9,1,2,3,1,0,1,10,true,0,0,24791,5971500,0,2870292,2351125,213583,8730917,14729125,0
WIncrease,0,1,true,"accepted",0,1,10,10,1,2,2,2,0,0,10,true,0,0,20083,5853375,0,4388708,8366791,0,15230834,21105917,0
TIncrease,0,1,true,"accepted",0,1,10,11,1,1,1,1,0,0,10,true,0,0,21583,5868542,0,3065125,3575834,49083,9275792,15168291,0
WDecrease,0,1,true,"accepted",0,1,10,10,1,1,2,0,1,0,10,true,0,0,55000,5748084,0,3205791,3551333,22792,9263625,15069584,0
TDecrease,0,1,true,"accepted",0,1,10,9,1,2,3,1,0,1,10,true,0,0,42625,6035542,0,2684791,2357625,212916,7659250,13738416,0
WIncrease,0,1,true,"accepted",0,1,10,10,1,2,2,2,0,0,10,true,0,0,19667,5879792,0,3910291,8419583,0,14865667,20766417,0
TIncrease,0,1,true,"accepted",0,1,10,11,1,1,1,1,0,0,10,true,0,0,21792,5821583,0,2953500,3114709,16250,8529333,14374625,0
WDecrease,0,1,true,"accepted",0,1,10,10,1,1,2,0,1,0,10,true,0,0,21250,6445667,0,3566417,3317792,14167,9320250,15789208,0
TDecrease,0,1,true,"accepted",0,1,10,9,1,2,3,1,0,1,10,true,0,0,20417,6125584,0,2999000,2407666,237541,8131750,14280375,0
WIncrease,0,1,true,"accepted",0,1,10,10,1,2,2,2,0,0,10,true,0,0,31084,6166834,0,3920083,8485875,0,15061083,21261208,0
TIncrease,0,1,true,"accepted",0,1,10,11,1,1,1,1,0,0,10,true,0,0,47625,5760542,0,3043958,3598541,18417,9903125,15713583,0
WDecrease,0,1,true,"accepted",0,1,10,10,1,1,2,0,1,0,10,true,0,0,37167,6077250,0,7004916,4293458,16625,14455875,20572375,0
TDecrease,0,1,true,"accepted",0,1,10,9,1,2,3,1,0,1,10,true,0,0,21125,6194458,0,2928291,3182000,232959,9416416,15633459,0
