=== Uniform Weight Distribution Mode ===

--- Execution Info ---
Total Participants: 8
Total Threshold(Weight): 10
Maximum Weight: 4

Signing Participants:
Participant 0 (Weight: 1)
Participant 1 (Weight: 2)
Participant 2 (Weight: 3)
Participant 3 (Weight: 4)
Signing Participants Total Weight: 10

# REG-ADAPT benchmark
# args_N=20 args_threshold=10 setup_ns=31885583 repeats=30 target=0 cert=full local=true stale_ttl=2 sequence=false audit_exact=false audit_point_offset=0
# ADAPT-style sequence demo under REG metadata guard
# demo_step=1 op=TIncrease delta=50 accepted=true old_t=100 new_t=150 final_exposure=99 transient_exposure=99 reason="accepted"
# demo_step=2 op=WIncrease delta=50 accepted=true old_t=150 new_t=150 final_exposure=149 transient_exposure=149 reason="accepted"
# demo_step=3 op=TDecrease delta=50 accepted=false old_t=150 new_t=100 final_exposure=199 transient_exposure=249 reason="final exposure reaches threshold"
# exact-rank tightness demo threshold=2 conservative_final=2 exact_final=1 conservative_rejects=true exact_accepts=true
op,target,delta,accepted,reason,old_epoch,new_epoch,old_t,new_t,old_exposure,final_exposure,transient_exposure,live_rows,stale_rows,public_rows,cert_weight,cert_verified,exact_final_rank,exact_transient_rank,metadata_guard_ns,cert_online_ns,cert_full_ns,local_compute_ns,local_verify_ns,local_update_ns,local_total_ns,total_ns,exact_rank_audit_ns
WIncrease,0,1,true,"accepted",0,1,10,10,1,2,2,2,0,0,10,true,0,0,24250,0,5110208,3989666,7269959,0,13386917,18522583,0
TIncrease,0,1,true,"accepted",0,1,10,11,1,1,1,1,0,0,10,true,0,0,17375,0,5311917,3289291,2754208,12291,8178083,13509334,0
WDecrease,0,1,true,"accepted",0,1,10,10,1,1,2,0,1,0,10,true,0,0,20750,0,4807584,2626417,3520875,49000,8220708,13050542,0
TDecrease,0,1,true,"accepted",0,1,10,9,1,2,3,1,0,1,10,true,0,0,18875,0,4989084,2284292,2042750,189625,6570250,11579375,0
WIncrease,0,1,true,"accepted",0,1,10,10,1,2,2,2,0,0,10,true,0,0,23833,0,5738458,3464833,7119292,0,12685834,18449084,0
TIncrease,0,1,true,"accepted",0,1,10,11,1,1,1,1,0,0,10,true,0,0,16667,0,5365125,2149083,2829792,11833,7009750,12392833,0
WDecrease,0,1,true,"accepted",0,1,10,10,1,1,2,0,1,0,10,true,0,0,17667,0,5148083,2654833,2869334,11792,7680292,12847166,0
TDecrease,0,1,true,"accepted",0,1,10,9,1,2,3,1,0,1,10,true,0,0,18500,0,4907167,1838792,2755125,233542,6867709,11794375,0
WIncrease,0,1,true,"accepted",0,1,10,10,1,2,2,2,0,0,10,true,0,0,20084,0,5585834,3661333,6920583,0,13010417,18617750,0
TIncrease,0,1,true,"accepted",0,1,10,11,1,1,1,1,0,0,10,true,0,0,26750,0,5140792,2544042,2852750,31916,7449625,12618375,0
WDecrease,0,1,true,"accepted",0,1,10,10,1,1,2,0,1,0,10,true,0,0,18959,0,5921375,3144833,3334125,13875,8908667,14850250,0
TDecrease,0,1,true,"accepted",0,1,10,9,1,2,3,1,0,1,10,true,0,0,20708,0,4983583,2360791,1938541,200166,6529375,11535000,0
WIncrease,0,1,true,"accepted",0,1,10,10,1,2,2,2,0,0,10,true,0,0,17375,0,4944625,3211208,6793583,0,12444167,17407375,0
TIncrease,0,1,true,"accepted",0,1,10,11,1,1,1,1,0,0,10,true,0,0,17208,0,5299583,2669583,2892917,13500,8029958,13348458,0
WDecrease,0,1,true,"accepted",0,1,10,10,1,1,2,0,1,0,10,true,0,0,18000,0,4777417,2827459,3359583,11375,8245667,13042292,0
TDecrease,0,1,true,"accepted",0,1,10,9,1,2,3,1,0,1,10,true,0,0,19875,0,5304542,2713125,2641208,228250,7990375,13316000,0
WIncrease,0,1,true,"accepted",0,1,10,10,1,2,2,2,0,0,10,true,0,0,25125,0,5638167,4217292,7459791,0,14257542,19922708,0
TIncrease,0,1,true,"accepted",0,1,10,11,1,1,1,1,0,0,10,true,0,0,17833,0,4824958,2506791,2588125,12917,7152458,11996583,0
WDecrease,0,1,true,"accepted",0,1,10,10,1,1,2,0,1,0,10,true,0,0,18417,0,5193375,2738417,3297666,11250,8094291,13306500,0
TDecrease,0,1,true,"accepted",0,1,10,9,1,2,3,1,0,1,10,true,0,0,17875,0,5061583,2646833,2404208,208541,7497459,12578250,0
WIncrease,0,1,true,"accepted",0,1,10,10,1,2,2,2,0,0,10,true,0,0,19625,0,5615500,3619333,6694750,0,12394000,18029750,0
TIncrease,0,1,true,"accepted",0,1,10,11,1,1,1,1,0,0,10,true,0,0,16709,0,5451917,2274583,2911208,12583,7466292,12935750,0
WDecrease,0,1,true,"accepted",0,1,10,10,1,1,2,0,1,0,10,true,0,0,18459,0,4822625,2626083,3256417,12458,7942875,12784833,0
TDecrease,0,1,true,"accepted",0,1,10,9,1,2,3,1,0,1,10,true,0,0,16375,0,4819708,2361000,2238958,226167,6863334,11700000,0
WIncrease,0,1,true,"accepted",0,1,10,10,1,2,2,2,0,0,10,true,0,0,19292,0,5787041,3429000,6582417,0,12427416,18248875,0
TIncrease,0,1,true,"accepted",0,1,10,11,1,1,1,1,0,0,10,true,0,0,23625,0,5008583,2374792,2869916,12125,7268875,12302750,0
WDecrease,0,1,true,"accepted",0,1,10,10,1,1,2,0,1,0,10,true,0,0,17750,0,4887709,2621875,2875541,10500,7783792,12689875,0
TDecrease,0,1,true,"accepted",0,1,10,9,1,2,3,1,0,1,10,true,0,0,16167,0,5150084,2522750,2439792,219542,7570291,12737542,0
WIncrease,0,1,true,"accepted",0,1,10,10,1,2,2,2,0,0,10,true,0,0,20166,0,5009791,3129459,7154334,0,12333666,17364833,0
TIncrease,0,1,true,"accepted",0,1,10,11,1,1,1,1,0,0,10,true,0,0,17875,0,5111292,2125708,2832500,48875,7099167,12228833,0
WDecrease,0,1,true,"accepted",0,1,10,10,1,1,2,0,1,0,10,true,0,0,21334,0,5080208,2431833,2881375,7500,7338167,12440458,0
TDecrease,0,1,true,"accepted",0,1,10,9,1,2,3,1,0,1,10,true,0,0,16625,0,5033917,2372583,1945125,194166,6562000,11613250,0
WIncrease,0,1,true,"accepted",0,1,10,10,1,2,2,2,0,0,10,true,0,0,16709,0,4984625,3687666,6629833,0,12350208,17351791,0
TIncrease,0,1,true,"accepted",0,1,10,11,1,1,1,1,0,0,10,true,0,0,16292,0,4870334,2422125,2655792,10625,7112417,11999708,0
WDecrease,0,1,true,"accepted",0,1,10,10,1,1,2,0,1,0,10,true,0,0,17084,0,4860292,2762416,2836333,11041,7611958,12489958,0
TDecrease,0,1,true,"accepted",0,1,10,9,1,2,3,1,0,1,10,true,0,0,16125,0,5047250,2428625,1938916,189417,6601125,11664833,0
WIncrease,0,1,true,"accepted",0,1,10,10,1,2,2,2,0,0,10,true,0,0,15708,0,4811708,3529625,6595125,0,12590292,17418166,0
TIncrease,0,1,true,"accepted",0,1,10,11,1,1,1,1,0,0,10,true,0,0,16125,0,4990458,2536667,2888416,12791,7527875,12535250,0
WDecrease,0,1,true,"accepted",0,1,10,10,1,1,2,0,1,0,10,true,0,0,17459,0,4858917,2893584,3009000,8833,7962917,12839833,0
TDecrease,0,1,true,"accepted",0,1,10,9,1,2,3,1,0,1,10,true,0,0,15833,0,4832042,2328667,1938500,196416,6476542,11324833,0
WIncrease,0,1,true,"accepted",0,1,10,10,1,2,2,2,0,0,10,true,0,0,15417,0,4929083,3563166,6576250,0,12161875,17106708,0
TIncrease,0,1,true,"accepted",0,1,10,11,1,1,1,1,0,0,10,true,0,0,15791,0,4995500,2562667,2652541,12209,7235583,12247334,0
WDecrease,0,1,true,"accepted",0,1,10,10,1,1,2,0,1,0,10,true,0,0,16167,0,4914417,2706792,3026209,9833,8001875,12933125,0
TDecrease,0,1,true,"accepted",0,1,10,9,1,2,3,1,0,1,10,true,0,0,16584,0,4867167,2171625,2044458,223833,6489625,11373916,0
WIncrease,0,1,true,"accepted",0,1,10,10,1,2,2,2,0,0,10,true,0,0,20833,0,5282500,3125125,6813750,0,11957125,17261167,0
TIncrease,0,1,true,"accepted",0,1,10,11,1,1,1,1,0,0,10,true,0,0,16708,0,4933833,2471583,2869959,16459,7366958,12317959,0
WDecrease,0,1,true,"accepted",0,1,10,10,1,1,2,0,1,0,10,true,0,0,16083,0,4943583,2801000,2603125,9791,7433792,12393791,0
TDecrease,0,1,true,"accepted",0,1,10,9,1,2,3,1,0,1,10,true,0,0,16208,0,4850542,2407708,1944875,194958,6785709,11652792,0
WIncrease,0,1,true,"accepted",0,1,10,10,1,2,2,2,0,0,10,true,0,0,17250,0,5057834,3664916,6578458,0,12254750,17330125,0
TIncrease,0,1,true,"accepted",0,1,10,11,1,1,1,1,0,0,10,true,0,0,17125,0,4897250,2393792,2801667,21000,7243958,12158750,0
WDecrease,0,1,true,"accepted",0,1,10,10,1,1,2,0,1,0,10,true,0,0,17500,0,5090666,2725125,3206333,10209,7955125,13064708,0
TDecrease,0,1,true,"accepted",0,1,10,9,1,2,3,1,0,1,10,true,0,0,23125,0,5209250,2739584,1952750,193625,6899292,12132334,0
WIncrease,0,1,true,"accepted",0,1,10,10,1,2,2,2,0,0,10,true,0,0,17583,0,4737625,3579459,6596000,0,12301875,17057542,0
TIncrease,0,1,true,"accepted",0,1,10,11,1,1,1,1,0,0,10,true,0,0,15791,0,4622708,2416334,2842958,10500,7535000,12174125,0
WDecrease,0,1,true,"accepted",0,1,10,10,1,1,2,0,1,0,10,true,0,0,17542,0,4878834,2890208,2965500,12625,7878834,12775708,0
TDecrease,0,1,true,"accepted",0,1,10,9,1,2,3,1,0,1,10,true,0,0,18584,0,4942250,2060917,1940292,178916,6188833,11150250,0
WIncrease,0,1,true,"accepted",0,1,10,10,1,2,2,2,0,0,10,true,0,0,15583,0,5176583,3522541,6584958,0,12143209,17335959,0
TIncrease,0,1,true,"accepted",0,1,10,11,1,1,1,1,0,0,10,true,0,0,16042,0,4951333,2521792,2836125,15916,7387208,12354916,0
WDecrease,0,1,true,"accepted",0,1,10,10,1,1,2,0,1,0,10,true,0,0,16584,0,4883750,2744625,3017291,11334,7902250,12803417,0
TDecrease,0,1,true,"accepted",0,1,10,9,1,2,3,1,0,1,10,true,0,0,16250,0,5075583,2538417,1938000,194750,6709042,11801375,0
WIncrease,0,1,true,"accepted",0,1,10,10,1,2,2,2,0,0,10,true,0,0,18333,0,4698209,3497375,6717959,0,12275584,16992542,0
TIncrease,0,1,true,"accepted",0,1,10,11,1,1,1,1,0,0,10,true,0,0,16584,0,4941625,2489875,2866125,12000,7382250,12341166,0
WDecrease,0,1,true,"accepted",0,1,10,10,1,1,2,0,1,0,10,true,0,0,15875,0,4917542,2758333,2982458,9958,7775167,12709042,0
TDecrease,0,1,true,"accepted",0,1,10,9,1,2,3,1,0,1,10,true,0,0,16000,0,4950208,2406500,1964125,193375,6669416,11636292,0
WIncrease,0,1,true,"accepted",0,1,10,10,1,2,2,2,0,0,10,true,0,0,16084,0,4864042,3331375,6607708,0,11960125,16840542,0
TIncrease,0,1,true,"accepted",0,1,10,11,1,1,1,1,0,0,10,true,0,0,19250,0,4736708,2254209,2749417,10209,7022458,11778916,0
WDecrease,0,1,true,"accepted",0,1,10,10,1,1,2,0,1,0,10,true,0,0,17042,0,4487209,2463291,3360792,11166,7887833,12392375,0
TDecrease,0,1,true,"accepted",0,1,10,9,1,2,3,1,0,1,10,true,0,0,15584,0,4818167,2261542,1933625,166292,6368333,11202750,0
WIncrease,0,1,true,"accepted",0,1,10,10,1,2,2,2,0,0,10,true,0,0,16167,0,4647792,3469125,6522166,0,12008083,16672333,0
TIncrease,0,1,true,"accepted",0,1,10,11,1,1,1,1,0,0,10,true,0,0,16208,0,4435625,2285042,2490500,11583,6806667,11259583,0
WDecrease,0,1,true,"accepted",0,1,10,10,1,1,2,0,1,0,10,true,0,0,16334,0,4677667,2443709,2891291,6792,7352791,12047167,0
TDecrease,0,1,true,"accepted",0,1,10,9,1,2,3,1,0,1,10,true,0,0,15625,0,4751541,2251000,1939000,175625,6372084,11140000,0
WIncrease,0,1,true,"accepted",0,1,10,10,1,2,2,2,0,0,10,true,0,0,16458,0,4680416,2792792,6519084,0,11476584,16173916,0
TIncrease,0,1,true,"accepted",0,1,10,11,1,1,1,1,0,0,10,true,0,0,16416,0,4678625,2349208,2713750,11125,7084250,11779709,0
WDecrease,0,1,true,"accepted",0,1,10,10,1,1,2,0,1,0,10,true,0,0,16209,0,4748625,3057667,3033250,13083,8106375,12871750,0
TDecrease,0,1,true,"accepted",0,1,10,9,1,2,3,1,0,1,10,true,0,0,15542,0,4706625,1978542,1934834,173000,6150292,10873416,0
WIncrease,0,1,true,"accepted",0,1,10,10,1,2,2,2,0,0,10,true,0,0,15584,0,4532292,2787625,6603709,0,11608083,16156583,0
TIncrease,0,1,true,"accepted",0,1,10,11,1,1,1,1,0,0,10,true,0,0,16916,0,4622875,2564791,2686083,11625,7484875,12125709,0
WDecrease,0,1,true,"accepted",0,1,10,10,1,1,2,0,1,0,10,true,0,0,17000,0,4501458,2377625,3360792,12042,7835792,12354916,0
TDecrease,0,1,true,"accepted",0,1,10,9,1,2,3,1,0,1,10,true,0,0,16792,0,4728875,2225250,2014209,172375,6458042,11204042,0
WIncrease,0,1,true,"accepted",0,1,10,10,1,2,2,2,0,0,10,true,0,0,16000,0,4356041,3273792,6523375,0,11847166,16220458,0
TIncrease,0,1,true,"accepted",0,1,10,11,1,1,1,1,0,0,10,true,0,0,17542,0,4812500,2286625,2735125,13209,7122541,11954041,0
WDecrease,0,1,true,"accepted",0,1,10,10,1,1,2,0,1,0,10,true,0,0,16833,0,5406041,2738583,2338667,12208,7131750,12555167,0
TDecrease,0,1,true,"accepted",0,1,10,9,1,2,3,1,0,1,10,true,0,0,15875,0,4626541,2084250,1967625,187083,6249125,10892292,0
WIncrease,0,1,true,"accepted",0,1,10,10,1,2,2,2,0,0,10,true,0,0,15583,0,4819584,3300000,6633959,0,11986709,16822334,0
TIncrease,0,1,true,"accepted",0,1,10,11,1,1,1,1,0,0,10,true,0,0,16208,0,4838000,2402959,2387833,13583,6825167,11679875,0
WDecrease,0,1,true,"accepted",0,1,10,10,1,1,2,0,1,0,10,true,0,0,16166,0,4637958,2788167,2778667,9584,7700166,12354792,0
TDecrease,0,1,true,"accepted",0,1,10,9,1,2,3,1,0,1,10,true,0,0,15416,0,4614667,2237334,2103792,202292,6678209,11309459,0
WIncrease,0,1,true,"accepted",0,1,10,10,1,2,2,2,0,0,10,true,0,0,20917,0,4846334,3342459,7112709,0,12491916,17360625,0
TIncrease,0,1,true,"accepted",0,1,10,11,1,1,1,1,0,0,10,true,0,0,16792,0,4904459,2445541,2599708,21500,7087250,12009042,0
WDecrease,0,1,true,"accepted",0,1,10,10,1,1,2,0,1,0,10,true,0,0,16917,0,5060459,2438709,2963625,10750,7481125,12559666,0
TDecrease,0,1,true,"accepted",0,1,10,9,1,2,3,1,0,1,10,true,0,0,16000,0,5349000,2703750,1988375,207542,7143459,12509542,0
WIncrease,0,1,true,"accepted",0,1,10,10,1,2,2,2,0,0,10,true,0,0,22833,0,4862041,3182125,6983458,0,12261334,17147209,0
TIncrease,0,1,true,"accepted",0,1,10,11,1,1,1,1,0,0,10,true,0,0,17125,0,4832958,2320084,3088709,14917,7597166,12448708,0
WDecrease,0,1,true,"accepted",0,1,10,10,1,1,2,0,1,0,10,true,0,0,17209,0,4799708,2587958,2866791,10958,7576625,12394667,0
TDecrease,0,1,true,"accepted",0,1,10,9,1,2,3,1,0,1,10,true,0,0,16625,0,4754375,2367500,2016583,224916,6678375,11450458,0
WIncrease,0,1,true,"accepted",0,1,10,10,1,2,2,2,0,0,10,true,0,0,16667,0,4707875,3321125,6693417,0,12131500,16856792,0
TIncrease,0,1,true,"accepted",0,1,10,11,1,1,1,1,0,0,10,true,0,0,16833,0,4701667,2467208,2703333,15833,7206542,11926708,0
WDecrease,0,1,true,"accepted",0,1,10,10,1,1,2,0,1,0,10,true,0,0,17250,0,4705875,2363167,2896166,9625,7325959,12049834,0
TDecrease,0,1,true,"accepted",0,1,10,9,1,2,3,1,0,1,10,true,0,0,18208,0,4969750,2881709,2030291,186125,7117291,12106334,0
WIncrease,0,1,true,"accepted",0,1,10,10,1,2,2,2,0,0,10,true,0,0,27042,0,4949666,3058250,6719167,0,11937916,16915625,0
TIncrease,0,1,true,"accepted",0,1,10,11,1,1,1,1,0,0,10,true,0,0,17125,0,4948042,2281667,2835375,10417,7374334,12341459,0
WDecrease,0,1,true,"accepted",0,1,10,10,1,1,2,0,1,0,10,true,0,0,17417,0,5133209,3052917,3058625,12875,8148458,13300083,0
TDecrease,0,1,true,"accepted",0,1,10,9,1,2,3,1,0,1,10,true,0,0,17208,0,4645125,2259791,1970458,198541,6492167,11155625,0
WIncrease,0,1,true,"accepted",0,1,10,10,1,2,2,2,0,0,10,true,0,0,16250,0,4982167,3164083,6827250,0,12017584,17016750,0
TIncrease,0,1,true,"accepted",0,1,10,11,1,1,1,1,0,0,10,true,0,0,17750,0,4977167,2337750,2743834,11625,7182958,12180458,0
WDecrease,0,1,true,"accepted",0,1,10,10,1,1,2,0,1,0,10,true,0,0,18958,0,4966084,2705917,3970833,10208,8860917,13847125,0
TDecrease,0,1,true,"accepted",0,1,10,9,1,2,3,1,0,1,10,true,0,0,17584,0,4883916,4086000,1949916,262500,8337542,13240458,0
WIncrease,0,1,true,"accepted",0,1,10,10,1,2,2,2,0,0,10,true,0,0,19083,0,5491125,3967042,6816250,0,12850333,18363291,0
TIncrease,0,1,true,"accepted",0,1,10,11,1,1,1,1,0,0,10,true,0,0,16917,0,5066542,2650042,2881541,15166,7564875,12649542,0
WDecrease,0,1,true,"accepted",0,1,10,10,1,1,2,0,1,0,10,true,0,0,18417,0,4695083,2500583,3196333,12917,7878417,12592917,0
TDecrease,0,1,true,"accepted",0,1,10,9,1,2,3,1,0,1,10,true,0,0,16875,0,4846541,2218791,1938834,169875,6340542,11205458,0
WIncrease,0,1,true,"accepted",0,1,10,10,1,2,2,2,0,0,10,true,0,0,16666,0,4656458,3202750,6536792,0,12262125,16936125,0
TIncrease,0,1,true,"accepted",0,1,10,11,1,1,1,1,0,0,10,true,0,0,16833,0,4860167,2306333,2789584,15083,7494250,12372125,0
WDecrease,0,1,true,"accepted",0,1,10,10,1,1,2,0,1,0,10,true,0,0,17000,0,5031083,3379000,3486250,10125,8912583,13962125,0
TDecrease,0,1,true,"accepted",0,1,10,9,1,2,3,1,0,1,10,true,0,0,17458,0,4914334,2331291,2128417,211084,6750709,11683666,0
WIncrease,0,1,true,"accepted",0,1,10,10,1,2,2,2,0,0,10,true,0,0,17041,0,5813750,3492958,8380583,0,13993000,19825042,0
TIncrease,0,1,true,"accepted",0,1,10,11,1,1,1,1,0,0,10,true,0,0,17042,0,5185875,2440750,2854417,20791,7437792,12642167,0
WDecrease,0,1,true,"accepted",0,1,10,10,1,1,2,0,1,0,10,true,0,0,17959,0,5338125,4760625,3163666,14250,10286250,15643500,0
TDecrease,0,1,true,"accepted",0,1,10,9,1,2,3,1,0,1,10,true,0,0,17084,0,5437417,2428250,2347458,229583,7027500,12483291,0
