=== Uniform Weight Distribution Mode ===

--- Execution Info ---
Total Participants: 32
Total Threshold(Weight): 40
Maximum Weight: 4

Signing Participants:
Participant 0 (Weight: 1)
Participant 1 (Weight: 2)
Participant 2 (Weight: 3)
Participant 3 (Weight: 4)
Participant 4 (Weight: 1)
Participant 5 (Weight: 2)
Participant 6 (Weight: 3)
Participant 7 (Weight: 4)
Participant 8 (Weight: 1)
Participant 9 (Weight: 2)
Participant 10 (Weight: 3)
Participant 11 (Weight: 4)
Participant 12 (Weight: 1)
Participant 13 (Weight: 2)
Participant 14 (Weight: 3)
Participant 15 (Weight: 4)
Signing Participants Total Weight: 40

# REG-ADAPT benchmark
# args_N=80 args_threshold=40 setup_ns=1983225583 repeats=30 target=0 cert=none local=true stale_ttl=2 sequence=false audit_exact=false audit_point_offset=0
# ADAPT-style sequence demo under REG metadata guard
# demo_step=1 op=TIncrease delta=50 accepted=true old_t=100 new_t=150 final_exposure=99 transient_exposure=99 reason="accepted"
# demo_step=2 op=WIncrease delta=50 accepted=true old_t=150 new_t=150 final_exposure=149 transient_exposure=149 reason="accepted"
# demo_step=3 op=TDecrease delta=50 accepted=false old_t=150 new_t=100 final_exposure=199 transient_exposure=249 reason="final exposure reaches threshold"
# exact-rank tightness demo threshold=2 conservative_final=2 exact_final=1 conservative_rejects=true exact_accepts=true
op,target,delta,accepted,reason,old_epoch,new_epoch,old_t,new_t,old_exposure,final_exposure,transient_exposure,live_rows,stale_rows,public_rows,cert_weight,cert_verified,exact_final_rank,exact_transient_rank,metadata_guard_ns,cert_online_ns,cert_full_ns,local_compute_ns,local_verify_ns,local_update_ns,local_total_ns,total_ns,exact_rank_audit_ns
WIncrease,0,1,true,"accepted",0,1,40,40,1,2,2,2,0,0,40,false,0,0,22709,0,0,31964583,126880792,0,245349792,245373584,0
TIncrease,0,1,true,"accepted",0,1,40,41,1,1,1,1,0,0,40,false,0,0,19166,0,0,22232875,39541958,56209,139717416,139737750,0
WDecrease,0,1,true,"accepted",0,1,40,40,1,1,2,0,1,0,40,false,0,0,19375,0,0,28313500,59362375,110208,165192875,165213334,0
TDecrease,0,1,true,"accepted",0,1,40,39,1,2,3,1,0,1,40,false,0,0,18792,0,0,22223958,14645625,486458,114530292,114550208,0
WIncrease,0,1,true,"accepted",0,1,40,40,1,2,2,2,0,0,40,false,0,0,20458,0,0,31947584,113665084,0,222745125,222766459,0
TIncrease,0,1,true,"accepted",0,1,40,41,1,1,1,1,0,0,40,false,0,0,17083,0,0,21510417,38236083,31334,125338167,125356334,0
WDecrease,0,1,true,"accepted",0,1,40,40,1,1,2,0,1,0,40,false,0,0,16709,0,0,22312042,41852167,48917,129382584,129400125,0
TDecrease,0,1,true,"accepted",0,1,40,39,1,2,3,1,0,1,40,false,0,0,18709,0,0,20531916,12532416,361958,98420333,98440208,0
WIncrease,0,1,true,"accepted",0,1,40,40,1,2,2,2,0,0,40,false,0,0,16458,0,0,28940750,102112833,0,196332750,196349916,0
TIncrease,0,1,true,"accepted",0,1,40,41,1,1,1,1,0,0,40,false,0,0,15625,0,0,20648542,36333292,205417,114634333,114650875,0
WDecrease,0,1,true,"accepted",0,1,40,40,1,1,2,0,1,0,40,false,0,0,17000,0,0,21982458,40676125,57958,126233167,126250583,0
TDecrease,0,1,true,"accepted",0,1,40,39,1,2,3,1,0,1,40,false,0,0,15541,0,0,19772458,12307083,354875,97030250,97046417,0
WIncrease,0,1,true,"accepted",0,1,40,40,1,2,2,2,0,0,40,false,0,0,16792,0,0,25417916,97151125,0,182231542,182249208,0
TIncrease,0,1,true,"accepted",0,1,40,41,1,1,1,1,0,0,40,false,0,0,14542,0,0,19865292,34320916,31209,112083833,112099292,0
WDecrease,0,1,true,"accepted",0,1,40,40,1,1,2,0,1,0,40,false,0,0,16709,0,0,20264459,40200167,39334,120318708,120336083,0
TDecrease,0,1,true,"accepted",0,1,40,39,1,2,3,1,0,1,40,false,0,0,20834,0,0,18522125,12320291,349708,93901792,93924917,0
WIncrease,0,1,true,"accepted",0,1,40,40,1,2,2,2,0,0,40,false,0,0,16084,0,0,27041833,96478500,0,182720083,182736750,0
TIncrease,0,1,true,"accepted",0,1,40,41,1,1,1,1,0,0,40,false,0,0,14750,0,0,20390875,36729000,53125,114894750,114910291,0
WDecrease,0,1,true,"accepted",0,1,40,40,1,1,2,0,1,0,40,false,0,0,16708,0,0,21224000,40266666,61750,123087500,123105166,0
TDecrease,0,1,true,"accepted",0,1,40,39,1,2,3,1,0,1,40,false,0,0,16459,0,0,19968250,12466083,347125,98045500,98062750,0
WIncrease,0,1,true,"accepted",0,1,40,40,1,2,2,2,0,0,40,false,0,0,16208,0,0,27307417,101512417,0,189119625,189136458,0
TIncrease,0,1,true,"accepted",0,1,40,41,1,1,1,1,0,0,40,false,0,0,16333,0,0,20884625,39026333,50125,122760500,122777625,0
WDecrease,0,1,true,"accepted",0,1,40,40,1,1,2,0,1,0,40,false,0,0,37833,0,0,20418375,42639958,42583,129042292,129081291,0
TDecrease,0,1,true,"accepted",0,1,40,39,1,2,3,1,0,1,40,false,0,0,16417,0,0,23286666,12360291,578292,101755584,101772834,0
WIncrease,0,1,true,"accepted",0,1,40,40,1,2,2,2,0,0,40,false,0,0,20709,0,0,29447000,106924459,0,202916667,202937833,0
TIncrease,0,1,true,"accepted",0,1,40,41,1,1,1,1,0,0,40,false,0,0,14959,0,0,19552459,38797792,32041,116072458,116088375,0
WDecrease,0,1,true,"accepted",0,1,40,40,1,1,2,0,1,0,40,false,0,0,17375,0,0,21464375,39293167,66541,125722625,125740833,0
TDecrease,0,1,true,"accepted",0,1,40,39,1,2,3,1,0,1,40,false,0,0,17250,0,0,21032958,12576750,385500,99845750,99864167,0
WIncrease,0,1,true,"accepted",0,1,40,40,1,2,2,2,0,0,40,false,0,0,16792,0,0,26213625,97767125,0,188246792,188264375,0
TIncrease,0,1,true,"accepted",0,1,40,41,1,1,1,1,0,0,40,false,0,0,15000,0,0,20292500,35657667,28125,113847083,113863083,0
WDecrease,0,1,true,"accepted",0,1,40,40,1,1,2,0,1,0,40,false,0,0,16792,0,0,20750542,49101625,105417,135511291,135528750,0
TDecrease,0,1,true,"accepted",0,1,40,39,1,2,3,1,0,1,40,false,0,0,16833,0,0,21814000,12174625,331167,99138209,99156333,0
WIncrease,0,1,true,"accepted",0,1,40,40,1,2,2,2,0,0,40,false,0,0,16083,0,0,27303667,112607750,0,203583333,203600209,0
TIncrease,0,1,true,"accepted",0,1,40,41,1,1,1,1,0,0,40,false,0,0,18083,0,0,26614250,45665208,59958,145402958,145423708,0
WDecrease,0,1,true,"accepted",0,1,40,40,1,1,2,0,1,0,40,false,0,0,17458,0,0,28333750,50617375,71041,148091667,148110209,0
TDecrease,0,1,true,"accepted",0,1,40,39,1,2,3,1,0,1,40,false,0,0,22375,0,0,21938166,14961042,446417,115589167,115612875,0
WIncrease,0,1,true,"accepted",0,1,40,40,1,2,2,2,0,0,40,false,0,0,22042,0,0,37416875,119285083,0,227488708,227511750,0
TIncrease,0,1,true,"accepted",0,1,40,41,1,1,1,1,0,0,40,false,0,0,16000,0,0,22118917,45936958,76542,136618083,136635208,0
WDecrease,0,1,true,"accepted",0,1,40,40,1,1,2,0,1,0,40,false,0,0,20041,0,0,21883958,43293084,80875,142427417,142448375,0
TDecrease,0,1,true,"accepted",0,1,40,39,1,2,3,1,0,1,40,false,0,0,19333,0,0,21258334,14509041,374417,113271334,113292042,0
WIncrease,0,1,true,"accepted",0,1,40,40,1,2,2,2,0,0,40,false,0,0,19417,0,0,27947500,116642708,0,217137625,217158083,0
TIncrease,0,1,true,"accepted",0,1,40,41,1,1,1,1,0,0,40,false,0,0,17875,0,0,21949375,41232583,38209,128680416,128699125,0
WDecrease,0,1,true,"accepted",0,1,40,40,1,1,2,0,1,0,40,false,0,0,19333,0,0,24756458,45568000,64125,144659167,144679375,0
TDecrease,0,1,true,"accepted",0,1,40,39,1,2,3,1,0,1,40,false,0,0,18666,0,0,23937292,14880000,455333,115369334,115389417,0
WIncrease,0,1,true,"accepted",0,1,40,40,1,2,2,2,0,0,40,false,0,0,21083,0,0,30668375,113979083,0,213618166,213640500,0
TIncrease,0,1,true,"accepted",0,1,40,41,1,1,1,1,0,0,40,false,0,0,16208,0,0,21176625,43231708,61333,131708709,131725916,0
WDecrease,0,1,true,"accepted",0,1,40,40,1,1,2,0,1,0,40,false,0,0,20042,0,0,23352875,46614125,61166,142076125,142096875,0
TDecrease,0,1,true,"accepted",0,1,40,39,1,2,3,1,0,1,40,false,0,0,19333,0,0,22878833,14775333,388959,114506875,114527208,0
WIncrease,0,1,true,"accepted",0,1,40,40,1,2,2,2,0,0,40,false,0,0,18333,0,0,28991500,109185166,0,206451125,206469875,0
TIncrease,0,1,true,"accepted",0,1,40,41,1,1,1,1,0,0,40,false,0,0,16708,0,0,22930500,38991542,61542,127818917,127836458,0
WDecrease,0,1,true,"accepted",0,1,40,40,1,1,2,0,1,0,40,false,0,0,17167,0,0,25880583,43803542,63583,137836125,137854208,0
TDecrease,0,1,true,"accepted",0,1,40,39,1,2,3,1,0,1,40,false,0,0,19292,0,0,24176292,13770875,358583,109351875,109372458,0
WIncrease,0,1,true,"accepted",0,1,40,40,1,2,2,2,0,0,40,false,0,0,17333,0,0,30609708,107032125,0,203291834,203309875,0
TIncrease,0,1,true,"accepted",0,1,40,41,1,1,1,1,0,0,40,false,0,0,16458,0,0,21280625,38380333,60042,125237792,125255125,0
WDecrease,0,1,true,"accepted",0,1,40,40,1,1,2,0,1,0,40,false,0,0,19208,0,0,21705334,42564292,57375,129588542,129608292,0
TDecrease,0,1,true,"accepted",0,1,40,39,1,2,3,1,0,1,40,false,0,0,18083,0,0,20518208,12306458,368250,99269625,99288541,0
WIncrease,0,1,true,"accepted",0,1,40,40,1,2,2,2,0,0,40,false,0,0,17375,0,0,27856666,106999042,0,200737541,200755333,0
TIncrease,0,1,true,"accepted",0,1,40,41,1,1,1,1,0,0,40,false,0,0,15750,0,0,20602458,35841458,29542,117250292,117267084,0
WDecrease,0,1,true,"accepted",0,1,40,40,1,1,2,0,1,0,40,false,0,0,16792,0,0,21112375,38883458,39750,125144917,125162333,0
TDecrease,0,1,true,"accepted",0,1,40,39,1,2,3,1,0,1,40,false,0,0,16334,0,0,20075917,12275833,348583,97497417,97514625,0
WIncrease,0,1,true,"accepted",0,1,40,40,1,2,2,2,0,0,40,false,0,0,15958,0,0,25380833,98973791,0,187826708,187843083,0
TIncrease,0,1,true,"accepted",0,1,40,41,1,1,1,1,0,0,40,false,0,0,14791,0,0,21538500,36179292,29458,115770917,115786875,0
WDecrease,0,1,true,"accepted",0,1,40,40,1,1,2,0,1,0,40,false,0,0,17375,0,0,23346375,41593916,60833,131028917,131046917,0
TDecrease,0,1,true,"accepted",0,1,40,39,1,2,3,1,0,1,40,false,0,0,16083,0,0,21921792,12489209,362541,100419917,100437083,0
WIncrease,0,1,true,"accepted",0,1,40,40,1,2,2,2,0,0,40,false,0,0,15875,0,0,28125542,98143459,0,188581625,188598292,0
TIncrease,0,1,true,"accepted",0,1,40,41,1,1,1,1,0,0,40,false,0,0,15291,0,0,20766708,36455000,28250,115375584,115391625,0
WDecrease,0,1,true,"accepted",0,1,40,40,1,1,2,0,1,0,40,false,0,0,16625,0,0,21292458,42237750,49500,128141083,128158625,0
TDecrease,0,1,true,"accepted",0,1,40,39,1,2,3,1,0,1,40,false,0,0,18125,0,0,19117792,12802917,680875,99492000,99511542,0
WIncrease,0,1,true,"accepted",0,1,40,40,1,2,2,2,0,0,40,false,0,0,16959,0,0,28473292,102376292,0,198336792,198354125,0
TIncrease,0,1,true,"accepted",0,1,40,41,1,1,1,1,0,0,40,false,0,0,14459,0,0,20079625,39131334,62667,118346083,118361584,0
WDecrease,0,1,true,"accepted",0,1,40,40,1,1,2,0,1,0,40,false,0,0,17167,0,0,20833542,38561959,52041,125575791,125593666,0
TDecrease,0,1,true,"accepted",0,1,40,39,1,2,3,1,0,1,40,false,0,0,16042,0,0,20210000,12567916,403666,98790042,98807042,0
WIncrease,0,1,true,"accepted",0,1,40,40,1,2,2,2,0,0,40,false,0,0,16625,0,0,27292625,103876583,0,195690833,195708167,0
TIncrease,0,1,true,"accepted",0,1,40,41,1,1,1,1,0,0,40,false,0,0,14500,0,0,18784667,37786375,44084,115899458,115914708,0
WDecrease,0,1,true,"accepted",0,1,40,40,1,1,2,0,1,0,40,false,0,0,16416,0,0,23356167,40326792,42666,128980541,128997500,0
TDecrease,0,1,true,"accepted",0,1,40,39,1,2,3,1,0,1,40,false,0,0,16041,0,0,20901875,12345750,376792,98969250,98985917,0
WIncrease,0,1,true,"accepted",0,1,40,40,1,2,2,2,0,0,40,false,0,0,16208,0,0,26307667,100228833,0,192515459,192532625,0
TIncrease,0,1,true,"accepted",0,1,40,41,1,1,1,1,0,0,40,false,0,0,16083,0,0,20612833,42133042,43833,121359459,121377459,0
WDecrease,0,1,true,"accepted",0,1,40,40,1,1,2,0,1,0,40,false,0,0,48167,0,0,41181167,48702042,70875,191892750,191942042,0
TDecrease,0,1,true,"accepted",0,1,40,39,1,2,3,1,0,1,40,false,0,0,21333,0,0,26233000,14904750,387583,121751875,121774042,0
WIncrease,0,1,true,"accepted",0,1,40,40,1,2,2,2,0,0,40,false,0,0,18541,0,0,36937209,132023916,0,247503208,247522666,0
TIncrease,0,1,true,"accepted",0,1,40,41,1,1,1,1,0,0,40,false,0,0,19292,0,0,55516334,62022375,49875,207722625,207744042,0
WDecrease,0,1,true,"accepted",0,1,40,40,1,1,2,0,1,0,40,false,0,0,23083,0,0,43448750,65790292,96583,265815166,265839250,0
TDecrease,0,1,true,"accepted",0,1,40,39,1,2,3,1,0,1,40,false,0,0,46500,0,0,33019875,20136042,720792,148429833,148478000,0
WIncrease,0,1,true,"accepted",0,1,40,40,1,2,2,2,0,0,40,false,0,0,24291,0,0,48663667,140494208,0,285089917,285115291,0
TIncrease,0,1,true,"accepted",0,1,40,41,1,1,1,1,0,0,40,false,0,0,19083,0,0,32470708,61111750,62542,172837459,172857750,0
WDecrease,0,1,true,"accepted",0,1,40,40,1,1,2,0,1,0,40,false,0,0,24250,0,0,31107875,57051875,79209,187782709,187807958,0
TDecrease,0,1,true,"accepted",0,1,40,39,1,2,3,1,0,1,40,false,0,0,22334,0,0,27860625,17315042,452833,134418083,134441416,0
WIncrease,0,1,true,"accepted",0,1,40,40,1,2,2,2,0,0,40,false,0,0,22292,0,0,35334291,135255625,0,249776167,249799208,0
TIncrease,0,1,true,"accepted",0,1,40,41,1,1,1,1,0,0,40,false,0,0,19125,0,0,33220666,53464583,71042,168398625,168418750,0
WDecrease,0,1,true,"accepted",0,1,40,40,1,1,2,0,1,0,40,false,0,0,48875,0,0,30151833,60592083,79041,171403041,171462250,0
TDecrease,0,1,true,"accepted",0,1,40,39,1,2,3,1,0,1,40,false,0,0,23750,0,0,27418292,14698625,434667,124306750,124333500,0
WIncrease,0,1,true,"accepted",0,1,40,40,1,2,2,2,0,0,40,false,0,0,19167,0,0,36502167,130562208,0,251057375,251077958,0
TIncrease,0,1,true,"accepted",0,1,40,41,1,1,1,1,0,0,40,false,0,0,23250,0,0,28257708,44285708,77708,149319417,149343666,0
WDecrease,0,1,true,"accepted",0,1,40,40,1,1,2,0,1,0,40,false,0,0,106250,0,0,28885083,51726875,82958,160614792,160722000,0
TDecrease,0,1,true,"accepted",0,1,40,39,1,2,3,1,0,1,40,false,0,0,18666,0,0,29078792,14657166,446209,120339041,120358708,0
WIncrease,0,1,true,"accepted",0,1,40,40,1,2,2,2,0,0,40,false,0,0,18708,0,0,34219792,126032292,0,236601959,236621500,0
TIncrease,0,1,true,"accepted",0,1,40,41,1,1,1,1,0,0,40,false,0,0,18708,0,0,26236708,42619250,62625,147068041,147087500,0
WDecrease,0,1,true,"accepted",0,1,40,40,1,1,2,0,1,0,40,false,0,0,19208,0,0,25778542,47270667,57708,149109625,149129500,0
TDecrease,0,1,true,"accepted",0,1,40,39,1,2,3,1,0,1,40,false,0,0,18292,0,0,27151625,14460791,414333,117799917,117818875,0
WIncrease,0,1,true,"accepted",0,1,40,40,1,2,2,2,0,0,40,false,0,0,18667,0,0,31519875,120807583,0,229040625,229059917,0
TIncrease,0,1,true,"accepted",0,1,40,41,1,1,1,1,0,0,40,false,0,0,16000,0,0,23563084,43332291,64250,132262834,132279666,0
WDecrease,0,1,true,"accepted",0,1,40,40,1,1,2,0,1,0,40,false,0,0,24584,0,0,26776000,50109333,84334,148779833,148805250,0
TDecrease,0,1,true,"accepted",0,1,40,39,1,2,3,1,0,1,40,false,0,0,20333,0,0,23627708,14447458,395875,111756500,111777583,0
WIncrease,0,1,true,"accepted",0,1,40,40,1,2,2,2,0,0,40,false,0,0,18542,0,0,96484458,196051708,0,404930875,404950208,0
TIncrease,0,1,true,"accepted",0,1,40,41,1,1,1,1,0,0,40,false,0,0,19834,0,0,31584584,53659375,46667,169958333,169979250,0
WDecrease,0,1,true,"accepted",0,1,40,40,1,1,2,0,1,0,40,false,0,0,18833,0,0,28333916,59030209,55209,164641000,164660500,0
TDecrease,0,1,true,"accepted",0,1,40,39,1,2,3,1,0,1,40,false,0,0,18375,0,0,30341000,14810417,582250,122845208,122864625,0
WIncrease,0,1,true,"accepted",0,1,40,40,1,2,2,2,0,0,40,false,0,0,18584,0,0,33265875,125694000,0,238954500,238973459,0
TIncrease,0,1,true,"accepted",0,1,40,41,1,1,1,1,0,0,40,false,0,0,18875,0,0,26548750,51104958,67291,153751625,153771750,0
WDecrease,0,1,true,"accepted",0,1,40,40,1,1,2,0,1,0,40,false,0,0,19917,0,0,30647416,64410250,82583,174921416,174941916,0
TDecrease,0,1,true,"accepted",0,1,40,39,1,2,3,1,0,1,40,false,0,0,22708,0,0,31467500,17118750,599666,137844292,137868041,0
WIncrease,0,1,true,"accepted",0,1,40,40,1,2,2,2,0,0,40,false,0,0,26625,0,0,56235625,215767208,0,363530875,363558625,0
TIncrease,0,1,true,"accepted",0,1,40,41,1,1,1,1,0,0,40,false,0,0,24708,0,0,48534959,97934250,61667,254366417,254393166,0
WDecrease,0,1,true,"accepted",0,1,40,40,1,1,2,0,1,0,40,false,0,0,23833,0,0,170121417,70822208,92959,431164666,431189291,0
TDecrease,0,1,true,"accepted",0,1,40,39,1,2,3,1,0,1,40,false,0,0,22875,0,0,24883333,14860292,473208,117509500,117533250,0
WIncrease,0,1,true,"accepted",0,1,40,40,1,2,2,2,0,0,40,false,0,0,18667,0,0,41515291,128733875,0,248969000,248988417,0
TIncrease,0,1,true,"accepted",0,1,40,41,1,1,1,1,0,0,40,false,0,0,22083,0,0,28880792,46627834,52708,153475125,153498875,0
WDecrease,0,1,true,"accepted",0,1,40,40,1,1,2,0,1,0,40,false,0,0,19916,0,0,28883792,53113292,82167,158779416,158800208,0
TDecrease,0,1,true,"accepted",0,1,40,39,1,2,3,1,0,1,40,false,0,0,22833,0,0,27324291,14361625,459625,119942625,119966041,0
