=== Uniform Weight Distribution Mode ===

--- Execution Info ---
Total Participants: 16
Total Threshold(Weight): 20
Maximum Weight: 4

Signing Participants:
Participant 0 (Weight: 1)
Participant 1 (Weight: 2)
Participant 2 (Weight: 3)
Participant 3 (Weight: 4)
Participant 4 (Weight: 1)
Participant 5 (Weight: 2)
Participant 6 (Weight: 3)
Participant 7 (Weight: 4)
Signing Participants Total Weight: 20

# REG-ADAPT benchmark
# args_N=40 args_threshold=20 setup_ns=153040166 repeats=30 target=0 cert=full local=true stale_ttl=2 sequence=false audit_exact=false audit_point_offset=0
# ADAPT-style sequence demo under REG metadata guard
# demo_step=1 op=TIncrease delta=50 accepted=true old_t=100 new_t=150 final_exposure=99 transient_exposure=99 reason="accepted"
# demo_step=2 op=WIncrease delta=50 accepted=true old_t=150 new_t=150 final_exposure=149 transient_exposure=149 reason="accepted"
# demo_step=3 op=TDecrease delta=50 accepted=false old_t=150 new_t=100 final_exposure=199 transient_exposure=249 reason="final exposure reaches threshold"
# exact-rank tightness demo threshold=2 conservative_final=2 exact_final=1 conservative_rejects=true exact_accepts=true
op,target,delta,accepted,reason,old_epoch,new_epoch,old_t,new_t,old_exposure,final_exposure,transient_exposure,live_rows,stale_rows,public_rows,cert_weight,cert_verified,exact_final_rank,exact_transient_rank,metadata_guard_ns,cert_online_ns,cert_full_ns,local_compute_ns,local_verify_ns,local_update_ns,local_total_ns,total_ns,exact_rank_audit_ns
WIncrease,0,1,true,"accepted",0,1,20,20,1,2,2,2,0,0,20,true,0,0,17958,0,13464500,7835417,29365917,0,48792542,62276417,0
TIncrease,0,1,true,"accepted",0,1,20,21,1,1,1,1,0,0,20,true,0,0,17416,0,12095292,5357417,7052167,17417,24169750,36283542,0
WDecrease,0,1,true,"accepted",0,1,20,20,1,1,2,0,1,0,20,true,0,0,17875,0,11994834,5681292,8285292,21541,26121875,38135750,0
TDecrease,0,1,true,"accepted",0,1,20,19,1,2,3,1,0,1,20,true,0,0,18625,0,12337417,5553083,4903583,254209,22336916,34693541,0
WIncrease,0,1,true,"accepted",0,1,20,20,1,2,2,2,0,0,20,true,0,0,18083,0,12696875,7421208,29295375,0,48416500,61132125,0
TIncrease,0,1,true,"accepted",0,1,20,21,1,1,1,1,0,0,20,true,0,0,18041,0,12119208,5643375,7975417,17500,25327292,37465459,0
WDecrease,0,1,true,"accepted",0,1,20,20,1,1,2,0,1,0,20,true,0,0,18500,0,12297083,6443375,10320583,24750,28327208,40643542,0
TDecrease,0,1,true,"accepted",0,1,20,19,1,2,3,1,0,1,20,true,0,0,17750,0,12166541,5841416,5072709,231959,22961333,35146834,0
WIncrease,0,1,true,"accepted",0,1,20,20,1,2,2,2,0,0,20,true,0,0,18167,0,11967125,7621708,29372000,0,48799000,60785333,0
TIncrease,0,1,true,"accepted",0,1,20,21,1,1,1,1,0,0,20,true,0,0,17333,0,12408750,6057083,7212833,17084,25097041,37524791,0
WDecrease,0,1,true,"accepted",0,1,20,20,1,1,2,0,1,0,20,true,0,0,17583,0,12603875,5740042,8160250,23416,25750792,38373250,0
TDecrease,0,1,true,"accepted",0,1,20,19,1,2,3,1,0,1,20,true,0,0,17792,0,12939750,5398667,4927333,252584,22151125,35110333,0
WIncrease,0,1,true,"accepted",0,1,20,20,1,2,2,2,0,0,20,true,0,0,17208,0,12066083,7304000,29338250,0,48317875,60402375,0
TIncrease,0,1,true,"accepted",0,1,20,21,1,1,1,1,0,0,20,true,0,0,17709,0,11664875,5159667,7160292,17834,22490291,34173958,0
WDecrease,0,1,true,"accepted",0,1,20,20,1,1,2,0,1,0,20,true,0,0,17833,0,12403208,6258584,9355208,24291,27354417,39776583,0
TDecrease,0,1,true,"accepted",0,1,20,19,1,2,3,1,0,1,20,true,0,0,18084,0,14285375,5046625,4222791,223666,21509667,35814083,0
WIncrease,0,1,true,"accepted",0,1,20,20,1,2,2,2,0,0,20,true,0,0,14958,0,12727334,7013708,26894000,0,45894750,58637750,0
TIncrease,0,1,true,"accepted",0,1,20,21,1,1,1,1,0,0,20,true,0,0,14416,0,11110458,5187541,7768041,21041,23138500,34264833,0
WDecrease,0,1,true,"accepted",0,1,20,20,1,1,2,0,1,0,20,true,0,0,15167,0,12873750,5964209,7582791,19708,25153583,38043583,0
TDecrease,0,1,true,"accepted",0,1,20,19,1,2,3,1,0,1,20,true,0,0,14667,0,12189500,5922334,4901708,229166,22749833,34954333,0
WIncrease,0,1,true,"accepted",0,1,20,20,1,2,2,2,0,0,20,true,0,0,17334,0,12232916,6765292,25162916,0,42380083,54631083,0
TIncrease,0,1,true,"accepted",0,1,20,21,1,1,1,1,0,0,20,true,0,0,14875,0,11515000,6009125,7060625,21250,23229084,34759875,0
WDecrease,0,1,true,"accepted",0,1,20,20,1,1,2,0,1,0,20,true,0,0,15792,0,10932875,5477416,8606334,20333,24273500,35222625,0
TDecrease,0,1,true,"accepted",0,1,20,19,1,2,3,1,0,1,20,true,0,0,16833,0,12906375,4991583,4429875,234292,21202250,34126375,0
WIncrease,0,1,true,"accepted",0,1,20,20,1,2,2,2,0,0,20,true,0,0,15792,0,12080625,7046000,25560000,0,44389958,56487208,0
TIncrease,0,1,true,"accepted",0,1,20,21,1,1,1,1,0,0,20,true,0,0,14875,0,11254833,5131541,6946458,21916,22177875,33448500,0
WDecrease,0,1,true,"accepted",0,1,20,20,1,1,2,0,1,0,20,true,0,0,15125,0,11406250,6199375,7885083,25792,24098708,35520916,0
TDecrease,0,1,true,"accepted",0,1,20,19,1,2,3,1,0,1,20,true,0,0,16959,0,12061458,4945125,4208625,223292,20777167,32856417,0
WIncrease,0,1,true,"accepted",0,1,20,20,1,2,2,2,0,0,20,true,0,0,15667,0,11674584,6974375,25074834,0,42288708,53979875,0
TIncrease,0,1,true,"accepted",0,1,20,21,1,1,1,1,0,0,20,true,0,0,48458,0,11375250,5125292,7208458,20834,22572625,33997375,0
WDecrease,0,1,true,"accepted",0,1,20,20,1,1,2,0,1,0,20,true,0,0,15000,0,11956417,5329708,7949875,22917,24901875,36874250,0
TDecrease,0,1,true,"accepted",0,1,20,19,1,2,3,1,0,1,20,true,0,0,17292,0,11871500,5657875,4455875,219291,21684625,33574000,0
WIncrease,0,1,true,"accepted",0,1,20,20,1,2,2,2,0,0,20,true,0,0,14666,0,11037917,6963292,25355834,0,42559334,53612500,0
TIncrease,0,1,true,"accepted",0,1,20,21,1,1,1,1,0,0,20,true,0,0,14208,0,11412333,5316875,6894334,20417,22197083,33624292,0
WDecrease,0,1,true,"accepted",0,1,20,20,1,1,2,0,1,0,20,true,0,0,14791,0,11143583,5592750,8681208,25458,24273416,35432917,0
TDecrease,0,1,true,"accepted",0,1,20,19,1,2,3,1,0,1,20,true,0,0,17000,0,12159584,4960250,4262375,227167,21038833,33215875,0
WIncrease,0,1,true,"accepted",0,1,20,20,1,2,2,2,0,0,20,true,0,0,14042,0,11426958,7873792,25064500,0,42995541,54436833,0
TIncrease,0,1,true,"accepted",0,1,20,21,1,1,1,1,0,0,20,true,0,0,14500,0,10929375,5103584,7147292,15667,22281625,33226375,0
WDecrease,0,1,true,"accepted",0,1,20,20,1,1,2,0,1,0,20,true,0,0,14958,0,11396209,5439542,8012125,42541,23600625,35012792,0
TDecrease,0,1,true,"accepted",0,1,20,19,1,2,3,1,0,1,20,true,0,0,19375,0,12030125,12420167,11569125,1311500,36922167,48972875,0
WIncrease,0,1,true,"accepted",0,1,20,20,1,2,2,2,0,0,20,true,0,0,19542,0,37786917,10434917,30961750,0,53477417,91285291,0
TIncrease,0,1,true,"accepted",0,1,20,21,1,1,1,1,0,0,20,true,0,0,20292,0,15513417,5879250,7312000,27834,25030541,40567708,0
WDecrease,0,1,true,"accepted",0,1,20,20,1,1,2,0,1,0,20,true,0,0,18250,0,11987000,5635292,8443083,32833,25973625,37979916,0
TDecrease,0,1,true,"accepted",0,1,20,19,1,2,3,1,0,1,20,true,0,0,19083,0,12677625,5123750,5455917,267708,22681417,35379417,0
WIncrease,0,1,true,"accepted",0,1,20,20,1,2,2,2,0,0,20,true,0,0,17500,0,11957666,8492875,30214500,0,50567417,62552583,0
TIncrease,0,1,true,"accepted",0,1,20,21,1,1,1,1,0,0,20,true,0,0,17625,0,12058083,5489875,7327292,39959,24714750,36791667,0
WDecrease,0,1,true,"accepted",0,1,20,20,1,1,2,0,1,0,20,true,0,0,18209,0,12161584,6671584,8405875,20083,26927750,39108458,0
TDecrease,0,1,true,"accepted",0,1,20,19,1,2,3,1,0,1,20,true,0,0,17666,0,12282459,6164125,4908375,259500,23137958,35439834,0
WIncrease,0,1,true,"accepted",0,1,20,20,1,2,2,2,0,0,20,true,0,0,17667,0,13385041,7261500,29211750,0,48238583,61642541,0
TIncrease,0,1,true,"accepted",0,1,20,21,1,1,1,1,0,0,20,true,0,0,19250,0,12276459,5064750,8405042,20042,25038209,37335458,0
WDecrease,0,1,true,"accepted",0,1,20,20,1,1,2,0,1,0,20,true,0,0,18167,0,12052250,5682333,7714916,24709,25321458,37392583,0
TDecrease,0,1,true,"accepted",0,1,20,19,1,2,3,1,0,1,20,true,0,0,17209,0,13244500,5594500,5398000,226875,23289167,36552792,0
WIncrease,0,1,true,"accepted",0,1,20,20,1,2,2,2,0,0,20,true,0,0,18333,0,12263958,7418333,28726708,0,48203708,60487542,0
TIncrease,0,1,true,"accepted",0,1,20,21,1,1,1,1,0,0,20,true,0,0,16708,0,11778958,5341167,6935042,19541,22826292,34624000,0
WDecrease,0,1,true,"accepted",0,1,20,20,1,1,2,0,1,0,20,true,0,0,16292,0,11941584,5540167,8580958,22584,24649708,36609000,0
TDecrease,0,1,true,"accepted",0,1,20,19,1,2,3,1,0,1,20,true,0,0,18750,0,12393375,5086125,4355541,287583,21640375,34054500,0
WIncrease,0,1,true,"accepted",0,1,20,20,1,2,2,2,0,0,20,true,0,0,21708,0,11951667,7616042,25365125,0,44093250,56067584,0
TIncrease,0,1,true,"accepted",0,1,20,21,1,1,1,1,0,0,20,true,0,0,14958,0,11158208,6072000,9305667,20917,25372791,36547291,0
WDecrease,0,1,true,"accepted",0,1,20,20,1,1,2,0,1,0,20,true,0,0,16709,0,11462708,5678292,8004375,22083,23639917,35120166,0
TDecrease,0,1,true,"accepted",0,1,20,19,1,2,3,1,0,1,20,true,0,0,19416,0,11958750,5007542,4278208,627416,20178875,32157333,0
WIncrease,0,1,true,"accepted",0,1,20,20,1,2,2,2,0,0,20,true,0,0,15041,0,11049417,13295417,27759709,0,54819916,65885375,0
TIncrease,0,1,true,"accepted",0,1,20,21,1,1,1,1,0,0,20,true,0,0,15625,0,11893750,5686292,6954500,22083,22704625,34615250,0
WDecrease,0,1,true,"accepted",0,1,20,20,1,1,2,0,1,0,20,true,0,0,16083,0,11015875,5958292,7954250,18667,23898041,34931042,0
TDecrease,0,1,true,"accepted",0,1,20,19,1,2,3,1,0,1,20,true,0,0,14916,0,12943708,4988834,4219583,224084,19642208,32601583,0
WIncrease,0,1,true,"accepted",0,1,20,20,1,2,2,2,0,0,20,true,0,0,14833,0,11054292,6616834,25421417,0,42102917,53172625,0
TIncrease,0,1,true,"accepted",0,1,20,21,1,1,1,1,0,0,20,true,0,0,14875,0,11776916,5110500,7189083,20875,22397459,34190042,0
WDecrease,0,1,true,"accepted",0,1,20,20,1,1,2,0,1,0,20,true,0,0,14917,0,11015125,5948875,7882666,20875,23930125,34960833,0
TDecrease,0,1,true,"accepted",0,1,20,19,1,2,3,1,0,1,20,true,0,0,15291,0,10997375,4955666,4224000,225291,19426000,30439709,0
WIncrease,0,1,true,"accepted",0,1,20,20,1,2,2,2,0,0,20,true,0,0,14625,0,11315458,6956209,25385833,0,42427375,53758458,0
TIncrease,0,1,true,"accepted",0,1,20,21,1,1,1,1,0,0,20,true,0,0,15166,0,11041416,5158750,7875834,18625,23238375,34295917,0
WDecrease,0,1,true,"accepted",0,1,20,20,1,1,2,0,1,0,20,true,0,0,16167,0,11120750,5565625,7634916,23583,23421584,34559500,0
TDecrease,0,1,true,"accepted",0,1,20,19,1,2,3,1,0,1,20,true,0,0,15458,0,11419042,5074500,4559292,315792,20706459,32142375,0
WIncrease,0,1,true,"accepted",0,1,20,20,1,2,2,2,0,0,20,true,0,0,16584,0,11208542,7127625,26832292,0,44426750,55652958,0
TIncrease,0,1,true,"accepted",0,1,20,21,1,1,1,1,0,0,20,true,0,0,15417,0,12380959,5754917,6989833,15750,23595291,35993125,0
WDecrease,0,1,true,"accepted",0,1,20,20,1,1,2,0,1,0,20,true,0,0,15833,0,11386375,6367917,7548125,19791,24036417,35440000,0
TDecrease,0,1,true,"accepted",0,1,20,19,1,2,3,1,0,1,20,true,0,0,15416,0,11650958,4953917,4223334,231375,20543875,32211458,0
WIncrease,0,1,true,"accepted",0,1,20,20,1,2,2,2,0,0,20,true,0,0,15000,0,11296334,7084708,25351250,0,42602375,53914750,0
TIncrease,0,1,true,"accepted",0,1,20,21,1,1,1,1,0,0,20,true,0,0,16375,0,11055500,5070458,7184750,20375,22422584,33495458,0
WDecrease,0,1,true,"accepted",0,1,20,20,1,1,2,0,1,0,20,true,0,0,17250,0,11558250,5603250,7620667,25583,23348208,34924583,0
TDecrease,0,1,true,"accepted",0,1,20,19,1,2,3,1,0,1,20,true,0,0,14833,0,10995417,5289375,4238375,338833,20019542,31030208,0
WIncrease,0,1,true,"accepted",0,1,20,20,1,2,2,2,0,0,20,true,0,0,15500,0,11953875,6960083,25345709,0,42420458,54390375,0
TIncrease,0,1,true,"accepted",0,1,20,21,1,1,1,1,0,0,20,true,0,0,15625,0,11035208,5724667,6923500,25917,22770417,33822292,0
WDecrease,0,1,true,"accepted",0,1,20,20,1,1,2,0,1,0,20,true,0,0,16709,0,11182000,5470458,8650500,21792,24431334,35630833,0
TDecrease,0,1,true,"accepted",0,1,20,19,1,2,3,1,0,1,20,true,0,0,15208,0,11661166,5190792,4276500,238417,19688958,31366459,0
WIncrease,0,1,true,"accepted",0,1,20,20,1,2,2,2,0,0,20,true,0,0,17792,0,11307583,7252959,25545208,0,43021584,54347833,0
TIncrease,0,1,true,"accepted",0,1,20,21,1,1,1,1,0,0,20,true,0,0,15167,0,11532500,5604709,7201625,14875,22834208,34382542,0
WDecrease,0,1,true,"accepted",0,1,20,20,1,1,2,0,1,0,20,true,0,0,15417,0,12306916,6354416,8074625,19375,24572958,36896625,0
TDecrease,0,1,true,"accepted",0,1,20,19,1,2,3,1,0,1,20,true,0,0,14875,0,11401583,5165375,4212667,232291,19836125,31253917,0
WIncrease,0,1,true,"accepted",0,1,20,20,1,2,2,2,0,0,20,true,0,0,15209,0,11504541,6918000,25040125,0,42133083,53653750,0
TIncrease,0,1,true,"accepted",0,1,20,21,1,1,1,1,0,0,20,true,0,0,15167,0,12239584,5535958,7055542,15625,22758458,35014208,0
WDecrease,0,1,true,"accepted",0,1,20,20,1,1,2,0,1,0,20,true,0,0,18167,0,10668500,5467083,8184708,17750,23887125,34574583,0
TDecrease,0,1,true,"accepted",0,1,20,19,1,2,3,1,0,1,20,true,0,0,15000,0,11618042,5009083,4413625,230292,19874208,31508208,0
WIncrease,0,1,true,"accepted",0,1,20,20,1,2,2,2,0,0,20,true,0,0,16042,0,11086584,7006292,25386250,0,42520708,53624250,0
TIncrease,0,1,true,"accepted",0,1,20,21,1,1,1,1,0,0,20,true,0,0,18250,0,12885584,6168208,7527583,19875,23814250,36719417,0
WDecrease,0,1,true,"accepted",0,1,20,20,1,1,2,0,1,0,20,true,0,0,15625,0,11286250,6241167,8032542,17750,24207750,35510792,0
TDecrease,0,1,true,"accepted",0,1,20,19,1,2,3,1,0,1,20,true,0,0,15333,0,12347208,5774250,4224166,225417,20594500,32957875,0
WIncrease,0,1,true,"accepted",0,1,20,20,1,2,2,2,0,0,20,true,0,0,14625,0,11110500,7265167,25138125,0,42671167,53796833,0
TIncrease,0,1,true,"accepted",0,1,20,21,1,1,1,1,0,0,20,true,0,0,15542,0,11180459,5274584,7131208,14666,22557750,33754667,0
WDecrease,0,1,true,"accepted",0,1,20,20,1,1,2,0,1,0,20,true,0,0,15542,0,11658417,5465166,7939917,43959,23561042,35236208,0
TDecrease,0,1,true,"accepted",0,1,20,19,1,2,3,1,0,1,20,true,0,0,15250,0,11616542,5500458,4232667,237667,20243250,31875917,0
WIncrease,0,1,true,"accepted",0,1,20,20,1,2,2,2,0,0,20,true,0,0,15292,0,12069291,7025708,25962875,0,43084917,55170541,0
TIncrease,0,1,true,"accepted",0,1,20,21,1,1,1,1,0,0,20,true,0,0,15333,0,11090750,5037292,7728000,23584,23210625,34317625,0
WDecrease,0,1,true,"accepted",0,1,20,20,1,1,2,0,1,0,20,true,0,0,16208,0,11578625,5414750,8824459,19208,24509417,36105250,0
TDecrease,0,1,true,"accepted",0,1,20,19,1,2,3,1,0,1,20,true,0,0,15583,0,11537459,5505458,4283875,224959,19954375,31508542,0
WIncrease,0,1,true,"accepted",0,1,20,20,1,2,2,2,0,0,20,true,0,0,14875,0,11376458,7614541,25171250,0,43010084,54402125,0
TIncrease,0,1,true,"accepted",0,1,20,21,1,1,1,1,0,0,20,true,0,0,15125,0,11188125,5141459,6978000,28958,22144375,33348083,0
WDecrease,0,1,true,"accepted",0,1,20,20,1,1,2,0,1,0,20,true,0,0,15667,0,11389375,5522084,8335250,19792,24147083,35552625,0
TDecrease,0,1,true,"accepted",0,1,20,19,1,2,3,1,0,1,20,true,0,0,14708,0,11111583,5371875,4308000,225458,19963459,31090584,0
WIncrease,0,1,true,"accepted",0,1,20,20,1,2,2,2,0,0,20,true,0,0,14792,0,11669292,7659209,25126292,0,42794459,54479416,0
TIncrease,0,1,true,"accepted",0,1,20,21,1,1,1,1,0,0,20,true,0,0,14959,0,11026709,5057875,7413000,14708,22732208,33775000,0
WDecrease,0,1,true,"accepted",0,1,20,20,1,1,2,0,1,0,20,true,0,0,15375,0,11155541,5522583,8022167,67791,23701167,34873042,0
TDecrease,0,1,true,"accepted",0,1,20,19,1,2,3,1,0,1,20,true,0,0,14833,0,12184250,5009416,4210833,234791,19567084,31766917,0
WIncrease,0,1,true,"accepted",0,1,20,20,1,2,2,2,0,0,20,true,0,0,14667,0,10924458,6903459,25254000,0,42393666,53333875,0
TIncrease,0,1,true,"accepted",0,1,20,21,1,1,1,1,0,0,20,true,0,0,16667,0,12868583,45187042,15758916,21166,76157375,89044333,0
WDecrease,0,1,true,"accepted",0,1,20,20,1,1,2,0,1,0,20,true,0,0,18708,0,23819166,6376500,7915708,23334,26166333,50005917,0
TDecrease,0,1,true,"accepted",0,1,20,19,1,2,3,1,0,1,20,true,0,0,18708,0,14781667,5055625,4223333,217208,21315709,36116708,0
WIncrease,0,1,true,"accepted",0,1,20,20,1,2,2,2,0,0,20,true,0,0,14750,0,11982875,7612292,25103541,0,43757500,55756375,0
TIncrease,0,1,true,"accepted",0,1,20,21,1,1,1,1,0,0,20,true,0,0,16041,0,11843125,4870375,7424875,16458,22466042,34326375,0
WDecrease,0,1,true,"accepted",0,1,20,20,1,1,2,0,1,0,20,true,0,0,15875,0,10919750,5565667,7720583,24291,23375792,34312333,0
TDecrease,0,1,true,"accepted",0,1,20,19,1,2,3,1,0,1,20,true,0,0,18333,0,10991667,4974500,4208208,245750,19740250,30751208,0
