=== Uniform Weight Distribution Mode ===

--- Execution Info ---
Total Participants: 16
Total Threshold(Weight): 20
Maximum Weight: 4

Signing Participants:
Participant 0 (Weight: 1)
Participant 1 (Weight: 2)
Participant 2 (Weight: 3)
Participant 3 (Weight: 4)
Participant 4 (Weight: 1)
Participant 5 (Weight: 2)
Participant 6 (Weight: 3)
Participant 7 (Weight: 4)
Signing Participants Total Weight: 20

# REG-ADAPT benchmark
# args_N=40 args_threshold=20 setup_ns=160072958 repeats=30 target=0 cert=both local=true stale_ttl=2 sequence=false audit_exact=false audit_point_offset=0
# ADAPT-style sequence demo under REG metadata guard
# demo_step=1 op=TIncrease delta=50 accepted=true old_t=100 new_t=150 final_exposure=99 transient_exposure=99 reason="accepted"
# demo_step=2 op=WIncrease delta=50 accepted=true old_t=150 new_t=150 final_exposure=149 transient_exposure=149 reason="accepted"
# demo_step=3 op=TDecrease delta=50 accepted=false old_t=150 new_t=100 final_exposure=199 transient_exposure=249 reason="final exposure reaches threshold"
# exact-rank tightness demo threshold=2 conservative_final=2 exact_final=1 conservative_rejects=true exact_accepts=true
op,target,delta,accepted,reason,old_epoch,new_epoch,old_t,new_t,old_exposure,final_exposure,transient_exposure,live_rows,stale_rows,public_rows,cert_weight,cert_verified,exact_final_rank,exact_transient_rank,metadata_guard_ns,cert_online_ns,cert_full_ns,local_compute_ns,local_verify_ns,local_update_ns,local_total_ns,total_ns,exact_rank_audit_ns
WIncrease,0,1,true,"accepted",0,1,20,20,1,2,2,2,0,0,20,true,0,0,18791,12755125,12834041,7202958,29325292,0,48479709,74089500,0
TIncrease,0,1,true,"accepted",0,1,20,21,1,1,1,1,0,0,20,true,0,0,20709,11955458,12010208,8117250,8997333,30667,28810041,52798292,0
WDecrease,0,1,true,"accepted",0,1,20,20,1,1,2,0,1,0,20,true,0,0,18625,15194333,15930959,8239000,12966625,45167,34350959,65497708,0
TDecrease,0,1,true,"accepted",0,1,20,19,1,2,3,1,0,1,20,true,0,0,19875,15571000,17141458,5175167,4922250,257042,22881167,55615625,0
WIncrease,0,1,true,"accepted",0,1,20,20,1,2,2,2,0,0,20,true,0,0,18625,13087917,12451750,8055583,32790792,0,52586333,78147917,0
TIncrease,0,1,true,"accepted",0,1,20,21,1,1,1,1,0,0,20,true,0,0,22292,14728250,14245250,6001542,7324333,38833,25194625,54193292,0
WDecrease,0,1,true,"accepted",0,1,20,20,1,1,2,0,1,0,20,true,0,0,18416,12341833,12548792,6562458,8296791,24875,26541666,51452917,0
TDecrease,0,1,true,"accepted",0,1,20,19,1,2,3,1,0,1,20,true,0,0,18083,12339667,12612209,5766458,4917084,468125,23082125,48053875,0
WIncrease,0,1,true,"accepted",0,1,20,20,1,2,2,2,0,0,20,true,0,0,18125,13015625,13560542,7008875,25075709,0,43910917,70507042,0
TIncrease,0,1,true,"accepted",0,1,20,21,1,1,1,1,0,0,20,true,0,0,15375,11337792,11693000,5044000,7013708,16375,22005083,45052459,0
WDecrease,0,1,true,"accepted",0,1,20,20,1,1,2,0,1,0,20,true,0,0,15708,10743000,12526167,5133583,7713292,21709,23339792,46629875,0
TDecrease,0,1,true,"accepted",0,1,20,19,1,2,3,1,0,1,20,true,0,0,15542,11656458,12159083,5389833,4387000,236875,21645541,45477917,0
WIncrease,0,1,true,"accepted",0,1,20,20,1,2,2,2,0,0,20,true,0,0,15250,11754500,11886792,6980666,25587500,0,42809667,66467584,0
TIncrease,0,1,true,"accepted",0,1,20,21,1,1,1,1,0,0,20,true,0,0,19041,12466458,11926000,5392583,6982833,47791,22706709,47130792,0
WDecrease,0,1,true,"accepted",0,1,20,20,1,1,2,0,1,0,20,true,0,0,18459,11971042,12107500,6215375,8119375,28625,25940542,50040250,0
TDecrease,0,1,true,"accepted",0,1,20,19,1,2,3,1,0,1,20,true,0,0,17750,11850167,12129458,5268542,4213291,226833,21180125,45178708,0
WIncrease,0,1,true,"accepted",0,1,20,20,1,2,2,2,0,0,20,true,0,0,15375,11028375,12204750,6890042,25096375,0,42156500,65406542,0
TIncrease,0,1,true,"accepted",0,1,20,21,1,1,1,1,0,0,20,true,0,0,15125,11208208,11461000,5283625,7054667,19917,23666084,46351750,0
WDecrease,0,1,true,"accepted",0,1,20,20,1,1,2,0,1,0,20,true,0,0,18417,11947083,13130667,5482834,8044916,20167,25086958,50183875,0
TDecrease,0,1,true,"accepted",0,1,20,19,1,2,3,1,0,1,20,true,0,0,18166,12569917,12200041,5015125,4428542,243167,21022833,45812625,0
WIncrease,0,1,true,"accepted",0,1,20,20,1,2,2,2,0,0,20,true,0,0,15000,10825625,13940291,7664417,25327875,0,43116583,67898541,0
TIncrease,0,1,true,"accepted",0,1,20,21,1,1,1,1,0,0,20,true,0,0,15458,10974667,11791292,5168250,7151958,19208,22499792,45282333,0
WDecrease,0,1,true,"accepted",0,1,20,20,1,1,2,0,1,0,20,true,0,0,15667,11530084,11772750,5531291,8120375,15458,24939708,48259208,0
TDecrease,0,1,true,"accepted",0,1,20,19,1,2,3,1,0,1,20,true,0,0,15542,12304750,12250250,4970042,4248458,225416,20608250,45180333,0
WIncrease,0,1,true,"accepted",0,1,20,20,1,2,2,2,0,0,20,true,0,0,15042,11289583,11668791,7204667,25197917,0,44096125,67070417,0
TIncrease,0,1,true,"accepted",0,1,20,21,1,1,1,1,0,0,20,true,0,0,14917,11018250,11085834,5570708,6838750,18250,22547750,44667708,0
WDecrease,0,1,true,"accepted",0,1,20,20,1,1,2,0,1,0,20,true,0,0,17500,11015167,11154542,5727958,8170958,23250,24100291,46288875,0
TDecrease,0,1,true,"accepted",0,1,20,19,1,2,3,1,0,1,20,true,0,0,17083,11860833,11817417,5013500,4217291,230583,19546375,43242958,0
WIncrease,0,1,true,"accepted",0,1,20,20,1,2,2,2,0,0,20,true,0,0,14875,11494625,58620375,22559750,29969417,0,70907208,141038958,0
TIncrease,0,1,true,"accepted",0,1,20,21,1,1,1,1,0,0,20,true,0,0,20541,11850333,13344542,5393458,7956083,28209,25173583,50391459,0
WDecrease,0,1,true,"accepted",0,1,20,20,1,1,2,0,1,0,20,true,0,0,18875,11853458,12445042,5753708,8646625,26459,26517083,50836792,0
TDecrease,0,1,true,"accepted",0,1,20,19,1,2,3,1,0,1,20,true,0,0,19291,11895000,13018709,5387166,4393459,229917,21721042,46655834,0
WIncrease,0,1,true,"accepted",0,1,20,20,1,2,2,2,0,0,20,true,0,0,17917,10862834,12573084,7030541,25330167,0,43251750,66707084,0
TIncrease,0,1,true,"accepted",0,1,20,21,1,1,1,1,0,0,20,true,0,0,16833,11403791,11477750,5112542,7231542,15250,23538958,46438750,0
WDecrease,0,1,true,"accepted",0,1,20,20,1,1,2,0,1,0,20,true,0,0,15416,10829500,11730834,5501625,7874833,18584,23337334,45914000,0
TDecrease,0,1,true,"accepted",0,1,20,19,1,2,3,1,0,1,20,true,0,0,15291,11861250,12208250,5031584,4248833,221708,21389000,45475000,0
WIncrease,0,1,true,"accepted",0,1,20,20,1,2,2,2,0,0,20,true,0,0,15458,11002791,11784084,7021417,25763458,0,43941709,66744916,0
TIncrease,0,1,true,"accepted",0,1,20,21,1,1,1,1,0,0,20,true,0,0,15666,11037250,11475708,5248084,7234500,18584,22645208,45174834,0
WDecrease,0,1,true,"accepted",0,1,20,20,1,1,2,0,1,0,20,true,0,0,15083,11414041,11131750,5439375,8002250,16542,23595666,46157459,0
TDecrease,0,1,true,"accepted",0,1,20,19,1,2,3,1,0,1,20,true,0,0,14625,11750250,12730708,5027792,4268375,225875,20247041,44743875,0
WIncrease,0,1,true,"accepted",0,1,20,20,1,2,2,2,0,0,20,true,0,0,15208,10985666,10952750,7652167,25346583,0,43100334,65054791,0
TIncrease,0,1,true,"accepted",0,1,20,21,1,1,1,1,0,0,20,true,0,0,15292,11178000,11218833,5204541,7753458,29250,23119000,45532125,0
WDecrease,0,1,true,"accepted",0,1,20,20,1,1,2,0,1,0,20,true,0,0,15000,10865666,11257625,5448791,7630667,21208,23171791,45310833,0
TDecrease,0,1,true,"accepted",0,1,20,19,1,2,3,1,0,1,20,true,0,0,14042,11758541,12389625,4979208,4226000,226583,20946833,45109791,0
WIncrease,0,1,true,"accepted",0,1,20,20,1,2,2,2,0,0,20,true,0,0,15125,11131417,11410959,6924208,25483500,0,42527375,65085750,0
TIncrease,0,1,true,"accepted",0,1,20,21,1,1,1,1,0,0,20,true,0,0,14958,11204125,10990583,5821250,6976666,21666,22934208,45144375,0
WDecrease,0,1,true,"accepted",0,1,20,20,1,1,2,0,1,0,20,true,0,0,14708,10859291,11084500,5573084,7926042,20167,23774959,45734583,0
TDecrease,0,1,true,"accepted",0,1,20,19,1,2,3,1,0,1,20,true,0,0,14917,12537500,12549917,5001584,4211584,223083,21137792,46242083,0
WIncrease,0,1,true,"accepted",0,1,20,20,1,2,2,2,0,0,20,true,0,0,14750,11159584,11539000,7769292,25232584,0,43065250,65780875,0
TIncrease,0,1,true,"accepted",0,1,20,21,1,1,1,1,0,0,20,true,0,0,16458,12016166,15824125,5041167,7508500,15250,24030583,51888916,0
WDecrease,0,1,true,"accepted",0,1,20,20,1,1,2,0,1,0,20,true,0,0,17958,13008750,16535583,10337292,9168375,24166,37006083,66570542,0
TDecrease,0,1,true,"accepted",0,1,20,19,1,2,3,1,0,1,20,true,0,0,17625,14551791,13448167,5375417,4895833,677375,23022959,51042875,0
WIncrease,0,1,true,"accepted",0,1,20,20,1,2,2,2,0,0,20,true,0,0,17708,12953125,12662292,7540166,29680375,0,49217666,74852292,0
TIncrease,0,1,true,"accepted",0,1,20,21,1,1,1,1,0,0,20,true,0,0,19167,14016792,13278875,5906709,7338875,22209,24992125,52309750,0
WDecrease,0,1,true,"accepted",0,1,20,20,1,1,2,0,1,0,20,true,0,0,18209,12123875,13266167,5857750,8347500,26042,25825542,51236166,0
TDecrease,0,1,true,"accepted",0,1,20,19,1,2,3,1,0,1,20,true,0,0,18167,12209875,12217375,5649708,5004916,254083,22753666,47201042,0
WIncrease,0,1,true,"accepted",0,1,20,20,1,2,2,2,0,0,20,true,0,0,17750,12069417,12930583,7924708,28059208,0,47845292,72864334,0
TIncrease,0,1,true,"accepted",0,1,20,21,1,1,1,1,0,0,20,true,0,0,15916,11169375,12214708,5407167,6959375,27791,23207958,46609042,0
WDecrease,0,1,true,"accepted",0,1,20,20,1,1,2,0,1,0,20,true,0,0,17250,12898542,12192084,6372417,8508333,19958,25541500,50650833,0
TDecrease,0,1,true,"accepted",0,1,20,19,1,2,3,1,0,1,20,true,0,0,15291,13509833,12185209,5774291,4263708,224375,21771125,47482667,0
WIncrease,0,1,true,"accepted",0,1,20,20,1,2,2,2,0,0,20,true,0,0,15458,12984875,12683083,6791875,25040042,0,42281750,67966000,0
TIncrease,0,1,true,"accepted",0,1,20,21,1,1,1,1,0,0,20,true,0,0,15792,11260250,11205458,5846625,7257541,21083,23434292,45917250,0
WDecrease,0,1,true,"accepted",0,1,20,20,1,1,2,0,1,0,20,true,0,0,17000,11306375,11297167,5434125,10621041,25417,27888209,50518917,0
TDecrease,0,1,true,"accepted",0,1,20,19,1,2,3,1,0,1,20,true,0,0,20042,12200458,12041000,5212000,4514208,223083,21537750,45800166,0
WIncrease,0,1,true,"accepted",0,1,20,20,1,2,2,2,0,0,20,true,0,0,14458,11278833,11126833,6900958,25267125,0,42382375,64803583,0
TIncrease,0,1,true,"accepted",0,1,20,21,1,1,1,1,0,0,20,true,0,0,15125,10805417,11296541,5175166,6947083,21834,22523541,44641542,0
WDecrease,0,1,true,"accepted",0,1,20,20,1,1,2,0,1,0,20,true,0,0,15750,10997417,11260958,6088375,7983334,23583,24151084,46426667,0
TDecrease,0,1,true,"accepted",0,1,20,19,1,2,3,1,0,1,20,true,0,0,15334,11941667,12331709,4995416,4796625,247292,21929833,46219333,0
WIncrease,0,1,true,"accepted",0,1,20,20,1,2,2,2,0,0,20,true,0,0,15292,10910334,11889792,6956750,25338792,0,43198208,66014333,0
TIncrease,0,1,true,"accepted",0,1,20,21,1,1,1,1,0,0,20,true,0,0,15125,11098500,11483250,5024291,7138667,15917,22351375,44949542,0
WDecrease,0,1,true,"accepted",0,1,20,20,1,1,2,0,1,0,20,true,0,0,15291,11063000,11888375,5706708,7934500,18708,23612542,46579958,0
TDecrease,0,1,true,"accepted",0,1,20,19,1,2,3,1,0,1,20,true,0,0,14667,11876000,12275000,6111542,4220042,234959,21007417,45174750,0
WIncrease,0,1,true,"accepted",0,1,20,20,1,2,2,2,0,0,20,true,0,0,15167,11605167,11026584,6968167,25317750,0,42612625,65260334,0
TIncrease,0,1,true,"accepted",0,1,20,21,1,1,1,1,0,0,20,true,0,0,15333,11708458,10904416,5156750,7140000,15625,22477375,45107167,0
WDecrease,0,1,true,"accepted",0,1,20,20,1,1,2,0,1,0,20,true,0,0,16125,11127625,11227083,5223083,7772792,22167,23192792,45564291,0
TDecrease,0,1,true,"accepted",0,1,20,19,1,2,3,1,0,1,20,true,0,0,15083,11424125,13031833,5198041,4277166,217500,20614375,45086791,0
WIncrease,0,1,true,"accepted",0,1,20,20,1,2,2,2,0,0,20,true,0,0,14208,11132708,11015916,7014334,25473917,0,42879291,65042667,0
TIncrease,0,1,true,"accepted",0,1,20,21,1,1,1,1,0,0,20,true,0,0,15125,11108209,10986500,5548250,7167458,18083,22912375,45023542,0
WDecrease,0,1,true,"accepted",0,1,20,20,1,1,2,0,1,0,20,true,0,0,16250,10870375,11191125,5384875,7746166,22625,23364583,45443042,0
TDecrease,0,1,true,"accepted",0,1,20,19,1,2,3,1,0,1,20,true,0,0,14292,12356042,12417916,4858708,4259791,220125,21068125,45857208,0
WIncrease,0,1,true,"accepted",0,1,20,20,1,2,2,2,0,0,20,true,0,0,14667,11034166,11686584,7063792,25249250,0,42449583,65186417,0
TIncrease,0,1,true,"accepted",0,1,20,21,1,1,1,1,0,0,20,true,0,0,14834,10996250,10921000,5285209,7051208,21625,22835334,44768333,0
WDecrease,0,1,true,"accepted",0,1,20,20,1,1,2,0,1,0,20,true,0,0,15291,10901750,10914334,5784250,7699292,20083,23623667,45456292,0
TDecrease,0,1,true,"accepted",0,1,20,19,1,2,3,1,0,1,20,true,0,0,14833,13040750,58697416,8261750,10354875,570042,39662791,111418542,0
WIncrease,0,1,true,"accepted",0,1,20,20,1,2,2,2,0,0,20,true,0,0,19750,17189584,12204584,7296958,29491416,0,48561084,77976833,0
TIncrease,0,1,true,"accepted",0,1,20,21,1,1,1,1,0,0,20,true,0,0,18292,12466417,12400375,5561917,8180417,36375,25651167,50539375,0
WDecrease,0,1,true,"accepted",0,1,20,20,1,1,2,0,1,0,20,true,0,0,18042,12368041,12276583,6377666,8093375,31542,26686625,51351500,0
TDecrease,0,1,true,"accepted",0,1,20,19,1,2,3,1,0,1,20,true,0,0,17958,12607917,12279750,5425667,5078000,278417,22608583,47516583,0
WIncrease,0,1,true,"accepted",0,1,20,20,1,2,2,2,0,0,20,true,0,0,17791,12712375,12608917,7327083,29399666,0,48710000,74051084,0
TIncrease,0,1,true,"accepted",0,1,20,21,1,1,1,1,0,0,20,true,0,0,19041,12457750,13136042,5787417,7210958,48375,24699459,50313833,0
WDecrease,0,1,true,"accepted",0,1,20,20,1,1,2,0,1,0,20,true,0,0,18250,13344584,12463250,5933958,7686375,30125,25655458,51484583,0
TDecrease,0,1,true,"accepted",0,1,20,19,1,2,3,1,0,1,20,true,0,0,17542,12704500,12480000,5842834,4391875,258042,22238417,47441875,0
WIncrease,0,1,true,"accepted",0,1,20,20,1,2,2,2,0,0,20,true,0,0,17417,11299125,12282000,7353000,26101959,0,43730167,67330209,0
TIncrease,0,1,true,"accepted",0,1,20,21,1,1,1,1,0,0,20,true,0,0,15208,11048334,10850083,5243333,7289208,19625,22709167,44624709,0
WDecrease,0,1,true,"accepted",0,1,20,20,1,1,2,0,1,0,20,true,0,0,18709,11726542,11588750,5531667,8217333,23875,25349208,48684667,0
TDecrease,0,1,true,"accepted",0,1,20,19,1,2,3,1,0,1,20,true,0,0,19292,12167208,12793000,4737875,4468125,233708,20938750,45919708,0
WIncrease,0,1,true,"accepted",0,1,20,20,1,2,2,2,0,0,20,true,0,0,15500,10980167,11486000,7411542,25956167,0,43746375,66230292,0
TIncrease,0,1,true,"accepted",0,1,20,21,1,1,1,1,0,0,20,true,0,0,18417,11137666,11338042,6048625,7209667,18292,23544708,46041291,0
WDecrease,0,1,true,"accepted",0,1,20,20,1,1,2,0,1,0,20,true,0,0,15541,11898916,11388166,6036541,8101375,25834,24337583,47641708,0
TDecrease,0,1,true,"accepted",0,1,20,19,1,2,3,1,0,1,20,true,0,0,18708,12991875,12683000,5386125,4219541,256416,21008042,46702959,0
WIncrease,0,1,true,"accepted",0,1,20,20,1,2,2,2,0,0,20,true,0,0,15500,11084042,11483583,7344458,25656125,0,45247792,67833083,0
TIncrease,0,1,true,"accepted",0,1,20,21,1,1,1,1,0,0,20,true,0,0,15667,11255916,11045083,5023792,8826541,18209,24251083,46569542,0
WDecrease,0,1,true,"accepted",0,1,20,20,1,1,2,0,1,0,20,true,0,0,15541,11327042,11955792,5425959,7775375,22166,24396125,47696625,0
TDecrease,0,1,true,"accepted",0,1,20,19,1,2,3,1,0,1,20,true,0,0,17000,12263792,12126541,4984417,4249042,244833,20374250,44783625,0
WIncrease,0,1,true,"accepted",0,1,20,20,1,2,2,2,0,0,20,true,0,0,14792,12092167,12605583,7082292,25160375,0,42347125,67060792,0
TIncrease,0,1,true,"accepted",0,1,20,21,1,1,1,1,0,0,20,true,0,0,15542,12359709,11970292,6219958,7731792,19208,24263750,48611334,0
WDecrease,0,1,true,"accepted",0,1,20,20,1,1,2,0,1,0,20,true,0,0,18458,12807542,13833917,6132291,10704125,43708,28817334,55479708,0
TDecrease,0,1,true,"accepted",0,1,20,19,1,2,3,1,0,1,20,true,0,0,17625,12582375,14050000,6529708,5604625,278334,24248167,50899833,0
WIncrease,0,1,true,"accepted",0,1,20,20,1,2,2,2,0,0,20,true,0,0,21625,14133625,12176791,7045416,25241500,0,44106291,70439875,0
TIncrease,0,1,true,"accepted",0,1,20,21,1,1,1,1,0,0,20,true,0,0,15250,10979000,11486500,5152834,7232708,22667,22469500,44951167,0
WDecrease,0,1,true,"accepted",0,1,20,20,1,1,2,0,1,0,20,true,0,0,16625,10921625,10957500,5193791,7899625,19500,23399084,45295875,0
TDecrease,0,1,true,"accepted",0,1,20,19,1,2,3,1,0,1,20,true,0,0,15042,11880750,12117375,6437166,4230875,220584,21281792,45295833,0
WIncrease,0,1,true,"accepted",0,1,20,20,1,2,2,2,0,0,20,true,0,0,15417,11432042,11655125,7440959,25204041,0,43642125,66746834,0
TIncrease,0,1,true,"accepted",0,1,20,21,1,1,1,1,0,0,20,true,0,0,15083,11860417,11188375,5239666,6711166,20041,22015375,45081291,0
WDecrease,0,1,true,"accepted",0,1,20,20,1,1,2,0,1,0,20,true,0,0,15500,11396375,10838542,5535625,8809916,24958,24570833,46822542,0
TDecrease,0,1,true,"accepted",0,1,20,19,1,2,3,1,0,1,20,true,0,0,15292,11757792,13237250,5446750,4256250,267500,21850625,46862416,0
WIncrease,0,1,true,"accepted",0,1,20,20,1,2,2,2,0,0,20,true,0,0,42541,12277208,12268041,7575167,25376417,0,44103542,68692667,0
TIncrease,0,1,true,"accepted",0,1,20,21,1,1,1,1,0,0,20,true,0,0,15334,10722500,11905208,5307292,7358959,17083,22741250,45385750,0
WDecrease,0,1,true,"accepted",0,1,20,20,1,1,2,0,1,0,20,true,0,0,15625,10923417,11208792,5802417,7482584,22584,23314625,45463958,0
TDecrease,0,1,true,"accepted",0,1,20,19,1,2,3,1,0,1,20,true,0,0,14542,12454042,12561208,5228667,4306375,629042,21730667,46763166,0
